Component: ARM Compiler 5.06 update 7 (build 960) Tool: armlink [4d3601]

==============================================================================

Section Cross References

    key.o(i.Key_GetState) refers to stm32f0xx_gpio.o(i.GPIO_ReadInputDataBit) for GPIO_ReadInputDataBit
    key.o(i.Key_Init) refers to stm32f0xx_rcc.o(i.RCC_AHBPeriphClockCmd) for RCC_AHBPeriphClockCmd
    key.o(i.Key_Init) refers to stm32f0xx_gpio.o(i.GPIO_StructInit) for GPIO_StructInit
    key.o(i.Key_Init) refers to stm32f0xx_gpio.o(i.GPIO_Init) for GPIO_Init
    led.o(i.Led_Init) refers to stm32f0xx_rcc.o(i.RCC_AHBPeriphClockCmd) for RCC_AHBPeriphClockCmd
    led.o(i.Led_Init) refers to stm32f0xx_gpio.o(i.GPIO_StructInit) for GPIO_StructInit
    led.o(i.Led_Init) refers to stm32f0xx_gpio.o(i.GPIO_Init) for GPIO_Init
    led.o(i.Led_Switch) refers to led.o(i.__ARM_common_switch8) for __ARM_common_switch8
    led.o(i.Led_Switch) refers to stm32f0xx_gpio.o(i.GPIO_WriteBit) for GPIO_WriteBit
    led.o(i.Led_TurnOff) refers to led.o(i.Led_Switch) for Led_Switch
    led.o(i.Led_TurnOn) refers to led.o(i.Led_Switch) for Led_Switch
    tftdisplay.o(i.Tft_ClearScreen) refers to tftdisplay.o(i.Tft_SetWindow) for Tft_SetWindow
    tftdisplay.o(i.Tft_ClearScreen) refers to tftdisplay.o(i.Tft_WritePixels) for Tft_WritePixels
    tftdisplay.o(i.Tft_ClearScreen) refers to tftdisplay.o(.data) for Tft_Cfg
    tftdisplay.o(i.Tft_DrawChar) refers to tftdisplay.o(i.Tft_SetWindow) for Tft_SetWindow
    tftdisplay.o(i.Tft_DrawChar) refers to tftdisplay.o(i.Tft_WriteCmd) for Tft_WriteCmd
    tftdisplay.o(i.Tft_DrawChar) refers to tftdisplay.o(i.Tft_WritePixel) for Tft_WritePixel
    tftdisplay.o(i.Tft_DrawChar) refers to tftdisplay.o(.data) for Tft_Cfg
    tftdisplay.o(i.Tft_DrawHLine) refers to tftdisplay.o(i.Tft_SetWindow) for Tft_SetWindow
    tftdisplay.o(i.Tft_DrawHLine) refers to tftdisplay.o(i.Tft_WritePixels) for Tft_WritePixels
    tftdisplay.o(i.Tft_DrawHLine) refers to tftdisplay.o(.data) for Tft_Cfg
    tftdisplay.o(i.Tft_DrawPixel) refers to tftdisplay.o(i.Tft_SetWindow) for Tft_SetWindow
    tftdisplay.o(i.Tft_DrawPixel) refers to tftdisplay.o(i.Tft_WriteCmd) for Tft_WriteCmd
    tftdisplay.o(i.Tft_DrawPixel) refers to tftdisplay.o(i.Tft_WritePixel) for Tft_WritePixel
    tftdisplay.o(i.Tft_DrawPixel) refers to tftdisplay.o(.data) for Tft_Cfg
    tftdisplay.o(i.Tft_DrawString) refers to tftdisplay.o(i.Tft_DrawChar) for Tft_DrawChar
    tftdisplay.o(i.Tft_DrawString) refers to tftdisplay.o(.data) for Tft_Cfg
    tftdisplay.o(i.Tft_DrawVLine) refers to tftdisplay.o(i.Tft_SetWindow) for Tft_SetWindow
    tftdisplay.o(i.Tft_DrawVLine) refers to tftdisplay.o(i.Tft_WritePixels) for Tft_WritePixels
    tftdisplay.o(i.Tft_DrawVLine) refers to tftdisplay.o(.data) for Tft_Cfg
    tftdisplay.o(i.Tft_Init) refers to tftdisplay.o(i.Tft_InitGPIOs) for Tft_InitGPIOs
    tftdisplay.o(i.Tft_Init) refers to tftdisplay.o(i.Tft_WriteCmd) for Tft_WriteCmd
    tftdisplay.o(i.Tft_Init) refers to tftdisplay.o(i.Tft_WriteData) for Tft_WriteData
    tftdisplay.o(i.Tft_InitGPIOs) refers to stm32f0xx_rcc.o(i.RCC_AHBPeriphClockCmd) for RCC_AHBPeriphClockCmd
    tftdisplay.o(i.Tft_InitGPIOs) refers to stm32f0xx_gpio.o(i.GPIO_StructInit) for GPIO_StructInit
    tftdisplay.o(i.Tft_InitGPIOs) refers to stm32f0xx_gpio.o(i.GPIO_Init) for GPIO_Init
    tftdisplay.o(i.Tft_SetBackgroundColourRgb16) refers to tftdisplay.o(.data) for Tft_Cfg
    tftdisplay.o(i.Tft_SetFont) refers to tftdisplay.o(.data) for Tft_Cfg
    tftdisplay.o(i.Tft_SetForegroundColourRgb16) refers to tftdisplay.o(.data) for Tft_Cfg
    tftdisplay.o(i.Tft_SetWindow) refers to main.o(i.__aeabi_assert) for __aeabi_assert
    tftdisplay.o(i.Tft_SetWindow) refers to tftdisplay.o(i.Tft_WriteCmd) for Tft_WriteCmd
    tftdisplay.o(i.Tft_SetWindow) refers to tftdisplay.o(i.Tft_WriteData) for Tft_WriteData
    tftdisplay.o(i.Tft_WriteCmd) refers to tftdisplay.o(i.Tft_WriteData) for Tft_WriteData
    tftdisplay.o(i.Tft_WriteData) refers to tftdisplay.o(i.Tft_ToBSRRValue) for Tft_ToBSRRValue
    tftdisplay.o(i.Tft_WritePixel) refers to tftdisplay.o(i.Tft_WriteData) for Tft_WriteData
    tftdisplay.o(i.Tft_WritePixels) refers to tftdisplay.o(i.Tft_WriteCmd) for Tft_WriteCmd
    tftdisplay.o(i.Tft_WritePixels) refers to tftdisplay.o(i.Tft_ToBSRRValue) for Tft_ToBSRRValue
    adc.o(i.Adc_GetValue) refers to stm32f0xx_adc.o(i.ADC_GetFlagStatus) for ADC_GetFlagStatus
    adc.o(i.Adc_GetValue) refers to stm32f0xx_adc.o(i.ADC_StartOfConversion) for ADC_StartOfConversion
    adc.o(i.Adc_GetValue) refers to stm32f0xx_adc.o(i.ADC_GetConversionValue) for ADC_GetConversionValue
    adc.o(i.Adc_GetValue) refers to idiv.o(.text) for __aeabi_idivmod
    adc.o(i.Adc_Init) refers to stm32f0xx_rcc.o(i.RCC_APB2PeriphClockCmd) for RCC_APB2PeriphClockCmd
    adc.o(i.Adc_Init) refers to stm32f0xx_adc.o(i.ADC_Init) for ADC_Init
    adc.o(i.Adc_Init) refers to stm32f0xx_adc.o(i.ADC_Cmd) for ADC_Cmd
    adc.o(i.Adc_Init) refers to adc.o(i.Adc_SetChannel) for Adc_SetChannel
    systick.o(i.SysTick_Handler) refers to debug.o(i.Set_Tick_Debug) for Set_Tick_Debug
    systick.o(i.SysTick_Handler) refers to debug.o(i.Reset_Tick_Debug) for Reset_Tick_Debug
    systick.o(i.SysTick_Handler) refers to systick.o(.data) for msTicks
    systick.o(i.Tick_InitSysTick) refers to uidiv.o(.text) for __aeabi_uidivmod
    systick.o(i.Tick_InitSysTick) refers to systick.o(i.NVIC_SetPriority) for NVIC_SetPriority
    systick.o(i.Tick_InitSysTick) refers to system_stm32f0xx.o(.data) for SystemCoreClock
    debug.o(i.Debug_Init) refers to stm32f0xx_rcc.o(i.RCC_AHBPeriphClockCmd) for RCC_AHBPeriphClockCmd
    debug.o(i.Debug_Init) refers to stm32f0xx_gpio.o(i.GPIO_StructInit) for GPIO_StructInit
    debug.o(i.Debug_Init) refers to stm32f0xx_gpio.o(i.GPIO_Init) for GPIO_Init
    debug.o(i.Reset_TaskCounter_Debug) refers to stm32f0xx_gpio.o(i.GPIO_ResetBits) for GPIO_ResetBits
    debug.o(i.Reset_TaskKey_Debug) refers to stm32f0xx_gpio.o(i.GPIO_ResetBits) for GPIO_ResetBits
    debug.o(i.Reset_TaskLed_Debug) refers to stm32f0xx_gpio.o(i.GPIO_ResetBits) for GPIO_ResetBits
    debug.o(i.Reset_TaskMandelbrot_Debug) refers to stm32f0xx_gpio.o(i.GPIO_ResetBits) for GPIO_ResetBits
    debug.o(i.Reset_TaskPoti_Debug) refers to stm32f0xx_gpio.o(i.GPIO_ResetBits) for GPIO_ResetBits
    debug.o(i.Reset_TaskWatch_Debug) refers to stm32f0xx_gpio.o(i.GPIO_ResetBits) for GPIO_ResetBits
    debug.o(i.Reset_Tick_Debug) refers to stm32f0xx_gpio.o(i.GPIO_ResetBits) for GPIO_ResetBits
    debug.o(i.Set_TaskCounter_Debug) refers to stm32f0xx_gpio.o(i.GPIO_SetBits) for GPIO_SetBits
    debug.o(i.Set_TaskKey_Debug) refers to stm32f0xx_gpio.o(i.GPIO_SetBits) for GPIO_SetBits
    debug.o(i.Set_TaskLed_Debug) refers to stm32f0xx_gpio.o(i.GPIO_SetBits) for GPIO_SetBits
    debug.o(i.Set_TaskMandelbrot_Debug) refers to stm32f0xx_gpio.o(i.GPIO_SetBits) for GPIO_SetBits
    debug.o(i.Set_TaskPoti_Debug) refers to stm32f0xx_gpio.o(i.GPIO_SetBits) for GPIO_SetBits
    debug.o(i.Set_TaskWatch_Debug) refers to stm32f0xx_gpio.o(i.GPIO_SetBits) for GPIO_SetBits
    debug.o(i.Set_Tick_Debug) refers to stm32f0xx_gpio.o(i.GPIO_SetBits) for GPIO_SetBits
    main.o(i.main) refers to debug.o(i.Debug_Init) for Debug_Init
    main.o(i.main) refers to key.o(i.Key_Init) for Key_Init
    main.o(i.main) refers to led.o(i.Led_Init) for Led_Init
    main.o(i.main) refers to tftdisplay.o(i.Tft_Init) for Tft_Init
    main.o(i.main) refers to tftdisplay.o(i.Tft_SetFont) for Tft_SetFont
    main.o(i.main) refers to tftdisplay.o(i.Tft_ClearScreen) for Tft_ClearScreen
    main.o(i.main) refers to adc.o(i.Adc_Init) for Adc_Init
    main.o(i.main) refers to systick.o(i.Tick_InitSysTick) for Tick_InitSysTick
    main.o(i.main) refers to taskcounter.o(i.TaskCounter) for TaskCounter
    main.o(i.main) refers to taskkey.o(i.TaskKey) for TaskKey
    main.o(i.main) refers to taskled.o(i.TaskLed) for TaskLed
    main.o(i.main) refers to taskwatch.o(i.TaskWatch) for TaskWatch
    main.o(i.main) refers to taskpoti.o(i.TaskPoti) for TaskPoti
    main.o(i.main) refers to taskmandelbrot.o(i.TaskMandelbrot) for TaskMandelbrot
    main.o(i.main) refers to tftfont_16x24.o(.constdata) for TftFont_16x24
    stm32f0xx_adc.o(i.ADC_DeInit) refers to stm32f0xx_rcc.o(i.RCC_APB2PeriphResetCmd) for RCC_APB2PeriphResetCmd
    stm32f0xx_can.o(i.CAN_DeInit) refers to stm32f0xx_rcc.o(i.RCC_APB1PeriphResetCmd) for RCC_APB1PeriphResetCmd
    stm32f0xx_can.o(i.CAN_GetITStatus) refers to stm32f0xx_can.o(i.CheckITStatus) for CheckITStatus
    stm32f0xx_cec.o(i.CEC_DeInit) refers to stm32f0xx_rcc.o(i.RCC_APB1PeriphResetCmd) for RCC_APB1PeriphResetCmd
    stm32f0xx_crs.o(i.CRS_DeInit) refers to stm32f0xx_rcc.o(i.RCC_APB1PeriphResetCmd) for RCC_APB1PeriphResetCmd
    stm32f0xx_dac.o(i.DAC_DeInit) refers to stm32f0xx_rcc.o(i.RCC_APB1PeriphResetCmd) for RCC_APB1PeriphResetCmd
    stm32f0xx_flash.o(i.FLASH_EraseAllPages) refers to stm32f0xx_flash.o(i.FLASH_WaitForLastOperation) for FLASH_WaitForLastOperation
    stm32f0xx_flash.o(i.FLASH_ErasePage) refers to stm32f0xx_flash.o(i.FLASH_WaitForLastOperation) for FLASH_WaitForLastOperation
    stm32f0xx_flash.o(i.FLASH_OB_BOOT0Config) refers to stm32f0xx_flash.o(i.FLASH_WaitForLastOperation) for FLASH_WaitForLastOperation
    stm32f0xx_flash.o(i.FLASH_OB_BOOT0SWConfig) refers to stm32f0xx_flash.o(i.FLASH_WaitForLastOperation) for FLASH_WaitForLastOperation
    stm32f0xx_flash.o(i.FLASH_OB_BOOTConfig) refers to stm32f0xx_flash.o(i.FLASH_WaitForLastOperation) for FLASH_WaitForLastOperation
    stm32f0xx_flash.o(i.FLASH_OB_EnableWRP) refers to stm32f0xx_flash.o(i.FLASH_WaitForLastOperation) for FLASH_WaitForLastOperation
    stm32f0xx_flash.o(i.FLASH_OB_Erase) refers to stm32f0xx_flash.o(i.FLASH_OB_GetRDP) for FLASH_OB_GetRDP
    stm32f0xx_flash.o(i.FLASH_OB_Erase) refers to stm32f0xx_flash.o(i.FLASH_WaitForLastOperation) for FLASH_WaitForLastOperation
    stm32f0xx_flash.o(i.FLASH_OB_ProgramData) refers to stm32f0xx_flash.o(i.FLASH_WaitForLastOperation) for FLASH_WaitForLastOperation
    stm32f0xx_flash.o(i.FLASH_OB_RDPConfig) refers to stm32f0xx_flash.o(i.FLASH_WaitForLastOperation) for FLASH_WaitForLastOperation
    stm32f0xx_flash.o(i.FLASH_OB_SRAMParityConfig) refers to stm32f0xx_flash.o(i.FLASH_WaitForLastOperation) for FLASH_WaitForLastOperation
    stm32f0xx_flash.o(i.FLASH_OB_UserConfig) refers to stm32f0xx_flash.o(i.FLASH_WaitForLastOperation) for FLASH_WaitForLastOperation
    stm32f0xx_flash.o(i.FLASH_OB_VDDAConfig) refers to stm32f0xx_flash.o(i.FLASH_WaitForLastOperation) for FLASH_WaitForLastOperation
    stm32f0xx_flash.o(i.FLASH_OB_WriteUser) refers to stm32f0xx_flash.o(i.FLASH_WaitForLastOperation) for FLASH_WaitForLastOperation
    stm32f0xx_flash.o(i.FLASH_ProgramHalfWord) refers to stm32f0xx_flash.o(i.FLASH_WaitForLastOperation) for FLASH_WaitForLastOperation
    stm32f0xx_flash.o(i.FLASH_ProgramWord) refers to stm32f0xx_flash.o(i.FLASH_WaitForLastOperation) for FLASH_WaitForLastOperation
    stm32f0xx_flash.o(i.FLASH_WaitForLastOperation) refers to stm32f0xx_flash.o(i.FLASH_GetStatus) for FLASH_GetStatus
    stm32f0xx_gpio.o(i.GPIO_DeInit) refers to stm32f0xx_rcc.o(i.RCC_AHBPeriphResetCmd) for RCC_AHBPeriphResetCmd
    stm32f0xx_i2c.o(i.I2C_DeInit) refers to stm32f0xx_rcc.o(i.RCC_APB1PeriphResetCmd) for RCC_APB1PeriphResetCmd
    stm32f0xx_pwr.o(i.PWR_DeInit) refers to stm32f0xx_rcc.o(i.RCC_APB1PeriphResetCmd) for RCC_APB1PeriphResetCmd
    stm32f0xx_rcc.o(i.RCC_GetClocksFreq) refers to uidiv.o(.text) for __aeabi_uidivmod
    stm32f0xx_rcc.o(i.RCC_GetClocksFreq) refers to stm32f0xx_rcc.o(.data) for APBAHBPrescTable
    stm32f0xx_rcc.o(i.RCC_WaitForHSEStartUp) refers to stm32f0xx_rcc.o(i.RCC_GetFlagStatus) for RCC_GetFlagStatus
    stm32f0xx_rtc.o(i.RTC_DeInit) refers to stm32f0xx_rtc.o(i.RTC_EnterInitMode) for RTC_EnterInitMode
    stm32f0xx_rtc.o(i.RTC_DeInit) refers to stm32f0xx_rtc.o(i.RTC_WaitForSynchro) for RTC_WaitForSynchro
    stm32f0xx_rtc.o(i.RTC_GetAlarm) refers to stm32f0xx_rtc.o(i.RTC_Bcd2ToByte) for RTC_Bcd2ToByte
    stm32f0xx_rtc.o(i.RTC_GetDate) refers to stm32f0xx_rtc.o(i.RTC_Bcd2ToByte) for RTC_Bcd2ToByte
    stm32f0xx_rtc.o(i.RTC_GetTime) refers to stm32f0xx_rtc.o(i.RTC_Bcd2ToByte) for RTC_Bcd2ToByte
    stm32f0xx_rtc.o(i.RTC_GetTimeStamp) refers to stm32f0xx_rtc.o(i.RTC_Bcd2ToByte) for RTC_Bcd2ToByte
    stm32f0xx_rtc.o(i.RTC_Init) refers to stm32f0xx_rtc.o(i.RTC_EnterInitMode) for RTC_EnterInitMode
    stm32f0xx_rtc.o(i.RTC_Init) refers to stm32f0xx_rtc.o(i.RTC_ExitInitMode) for RTC_ExitInitMode
    stm32f0xx_rtc.o(i.RTC_RefClockCmd) refers to stm32f0xx_rtc.o(i.RTC_EnterInitMode) for RTC_EnterInitMode
    stm32f0xx_rtc.o(i.RTC_RefClockCmd) refers to stm32f0xx_rtc.o(i.RTC_ExitInitMode) for RTC_ExitInitMode
    stm32f0xx_rtc.o(i.RTC_SetAlarm) refers to stm32f0xx_rtc.o(i.RTC_Bcd2ToByte) for RTC_Bcd2ToByte
    stm32f0xx_rtc.o(i.RTC_SetAlarm) refers to stm32f0xx_rtc.o(i.RTC_ByteToBcd2) for RTC_ByteToBcd2
    stm32f0xx_rtc.o(i.RTC_SetDate) refers to stm32f0xx_rtc.o(i.RTC_Bcd2ToByte) for RTC_Bcd2ToByte
    stm32f0xx_rtc.o(i.RTC_SetDate) refers to stm32f0xx_rtc.o(i.RTC_ByteToBcd2) for RTC_ByteToBcd2
    stm32f0xx_rtc.o(i.RTC_SetDate) refers to stm32f0xx_rtc.o(i.RTC_EnterInitMode) for RTC_EnterInitMode
    stm32f0xx_rtc.o(i.RTC_SetDate) refers to stm32f0xx_rtc.o(i.RTC_ExitInitMode) for RTC_ExitInitMode
    stm32f0xx_rtc.o(i.RTC_SetDate) refers to stm32f0xx_rtc.o(i.RTC_WaitForSynchro) for RTC_WaitForSynchro
    stm32f0xx_rtc.o(i.RTC_SetTime) refers to stm32f0xx_rtc.o(i.RTC_Bcd2ToByte) for RTC_Bcd2ToByte
    stm32f0xx_rtc.o(i.RTC_SetTime) refers to stm32f0xx_rtc.o(i.RTC_ByteToBcd2) for RTC_ByteToBcd2
    stm32f0xx_rtc.o(i.RTC_SetTime) refers to stm32f0xx_rtc.o(i.RTC_EnterInitMode) for RTC_EnterInitMode
    stm32f0xx_rtc.o(i.RTC_SetTime) refers to stm32f0xx_rtc.o(i.RTC_ExitInitMode) for RTC_ExitInitMode
    stm32f0xx_rtc.o(i.RTC_SetTime) refers to stm32f0xx_rtc.o(i.RTC_WaitForSynchro) for RTC_WaitForSynchro
    stm32f0xx_rtc.o(i.RTC_SynchroShiftConfig) refers to stm32f0xx_rtc.o(i.RTC_WaitForSynchro) for RTC_WaitForSynchro
    stm32f0xx_spi.o(i.I2S_Init) refers to stm32f0xx_rcc.o(i.RCC_GetClocksFreq) for RCC_GetClocksFreq
    stm32f0xx_spi.o(i.I2S_Init) refers to uidiv.o(.text) for __aeabi_uidivmod
    stm32f0xx_spi.o(i.SPI_I2S_DeInit) refers to stm32f0xx_rcc.o(i.RCC_APB2PeriphResetCmd) for RCC_APB2PeriphResetCmd
    stm32f0xx_spi.o(i.SPI_I2S_DeInit) refers to stm32f0xx_rcc.o(i.RCC_APB1PeriphResetCmd) for RCC_APB1PeriphResetCmd
    stm32f0xx_tim.o(i.TIM_DeInit) refers to stm32f0xx_rcc.o(i.RCC_APB2PeriphResetCmd) for RCC_APB2PeriphResetCmd
    stm32f0xx_tim.o(i.TIM_DeInit) refers to stm32f0xx_rcc.o(i.RCC_APB1PeriphResetCmd) for RCC_APB1PeriphResetCmd
    stm32f0xx_tim.o(i.TIM_ETRClockMode1Config) refers to stm32f0xx_tim.o(i.TIM_ETRConfig) for TIM_ETRConfig
    stm32f0xx_tim.o(i.TIM_ETRClockMode2Config) refers to stm32f0xx_tim.o(i.TIM_ETRConfig) for TIM_ETRConfig
    stm32f0xx_tim.o(i.TIM_ICInit) refers to stm32f0xx_tim.o(i.TI1_Config) for TI1_Config
    stm32f0xx_tim.o(i.TIM_ICInit) refers to stm32f0xx_tim.o(i.TIM_SetIC1Prescaler) for TIM_SetIC1Prescaler
    stm32f0xx_tim.o(i.TIM_ICInit) refers to stm32f0xx_tim.o(i.TI2_Config) for TI2_Config
    stm32f0xx_tim.o(i.TIM_ICInit) refers to stm32f0xx_tim.o(i.TIM_SetIC2Prescaler) for TIM_SetIC2Prescaler
    stm32f0xx_tim.o(i.TIM_ICInit) refers to stm32f0xx_tim.o(i.TI3_Config) for TI3_Config
    stm32f0xx_tim.o(i.TIM_ICInit) refers to stm32f0xx_tim.o(i.TIM_SetIC3Prescaler) for TIM_SetIC3Prescaler
    stm32f0xx_tim.o(i.TIM_ICInit) refers to stm32f0xx_tim.o(i.TI4_Config) for TI4_Config
    stm32f0xx_tim.o(i.TIM_ICInit) refers to stm32f0xx_tim.o(i.TIM_SetIC4Prescaler) for TIM_SetIC4Prescaler
    stm32f0xx_tim.o(i.TIM_ITRxExternalClockConfig) refers to stm32f0xx_tim.o(i.TIM_SelectInputTrigger) for TIM_SelectInputTrigger
    stm32f0xx_tim.o(i.TIM_PWMIConfig) refers to stm32f0xx_tim.o(i.TI1_Config) for TI1_Config
    stm32f0xx_tim.o(i.TIM_PWMIConfig) refers to stm32f0xx_tim.o(i.TIM_SetIC1Prescaler) for TIM_SetIC1Prescaler
    stm32f0xx_tim.o(i.TIM_PWMIConfig) refers to stm32f0xx_tim.o(i.TI2_Config) for TI2_Config
    stm32f0xx_tim.o(i.TIM_PWMIConfig) refers to stm32f0xx_tim.o(i.TIM_SetIC2Prescaler) for TIM_SetIC2Prescaler
    stm32f0xx_tim.o(i.TIM_TIxExternalClockConfig) refers to stm32f0xx_tim.o(i.TI2_Config) for TI2_Config
    stm32f0xx_tim.o(i.TIM_TIxExternalClockConfig) refers to stm32f0xx_tim.o(i.TI1_Config) for TI1_Config
    stm32f0xx_tim.o(i.TIM_TIxExternalClockConfig) refers to stm32f0xx_tim.o(i.TIM_SelectInputTrigger) for TIM_SelectInputTrigger
    stm32f0xx_usart.o(i.USART_DeInit) refers to stm32f0xx_rcc.o(i.RCC_APB2PeriphResetCmd) for RCC_APB2PeriphResetCmd
    stm32f0xx_usart.o(i.USART_DeInit) refers to stm32f0xx_rcc.o(i.RCC_APB1PeriphResetCmd) for RCC_APB1PeriphResetCmd
    stm32f0xx_usart.o(i.USART_Init) refers to stm32f0xx_rcc.o(i.RCC_GetClocksFreq) for RCC_GetClocksFreq
    stm32f0xx_usart.o(i.USART_Init) refers to uidiv.o(.text) for __aeabi_uidivmod
    stm32f0xx_wwdg.o(i.WWDG_DeInit) refers to stm32f0xx_rcc.o(i.RCC_APB1PeriphResetCmd) for RCC_APB1PeriphResetCmd
    startup_stm32f072.o(RESET) refers to startup_stm32f072.o(STACK) for __initial_sp
    startup_stm32f072.o(RESET) refers to startup_stm32f072.o(.text) for Reset_Handler
    startup_stm32f072.o(RESET) refers to systick.o(i.SysTick_Handler) for SysTick_Handler
    startup_stm32f072.o(.text) refers to system_stm32f0xx.o(i.SystemInit) for SystemInit
    startup_stm32f072.o(.text) refers to entry.o(.ARM.Collect$$$$00000000) for __main
    system_stm32f0xx.o(i.SystemCoreClockUpdate) refers to uidiv.o(.text) for __aeabi_uidivmod
    system_stm32f0xx.o(i.SystemCoreClockUpdate) refers to system_stm32f0xx.o(.data) for SystemCoreClock
    system_stm32f0xx.o(i.SystemInit) refers to system_stm32f0xx.o(i.SetSysClock) for SetSysClock
    taskcounter.o(i.TaskCounter) refers to debug.o(i.Set_TaskCounter_Debug) for Set_TaskCounter_Debug
    taskcounter.o(i.TaskCounter) refers to printf1.o(i.__0snprintf$1) for __2snprintf
    taskcounter.o(i.TaskCounter) refers to tftdisplay.o(i.Tft_DrawString) for Tft_DrawString
    taskcounter.o(i.TaskCounter) refers to debug.o(i.Reset_TaskCounter_Debug) for Reset_TaskCounter_Debug
    taskcounter.o(i.TaskCounter) refers to taskcounter.o(.data) for counter
    taskcounter.o(i.TaskCounter) refers to taskcounter.o(.bss) for tmpBuf
    taskkey.o(i.TaskKey) refers to debug.o(i.Set_TaskKey_Debug) for Set_TaskKey_Debug
    taskkey.o(i.TaskKey) refers to tftdisplay.o(i.Tft_DrawString) for Tft_DrawString
    taskkey.o(i.TaskKey) refers to debug.o(i.Reset_TaskKey_Debug) for Reset_TaskKey_Debug
    taskled.o(i.TaskLed) refers to debug.o(i.Set_TaskLed_Debug) for Set_TaskLed_Debug
    taskled.o(i.TaskLed) refers to tftdisplay.o(i.Tft_DrawString) for Tft_DrawString
    taskled.o(i.TaskLed) refers to debug.o(i.Reset_TaskLed_Debug) for Reset_TaskLed_Debug
    taskmandelbrot.o(i.MandelBrot) refers to dadd.o(.text) for __aeabi_dsub
    taskmandelbrot.o(i.MandelBrot) refers to dmul.o(.text) for __aeabi_dmul
    taskmandelbrot.o(i.MandelBrot) refers to ddiv.o(.text) for __aeabi_ddiv
    taskmandelbrot.o(i.MandelBrot) refers to dfltui.o(.text) for __aeabi_ui2d
    taskmandelbrot.o(i.MandelBrot) refers to cdrcmple.o(.text) for __aeabi_cdrcmple
    taskmandelbrot.o(i.MandelBrot) refers to tftdisplay.o(i.Tft_DrawPixel) for Tft_DrawPixel
    taskmandelbrot.o(i.TaskMandelbrot) refers to debug.o(i.Set_TaskMandelbrot_Debug) for Set_TaskMandelbrot_Debug
    taskmandelbrot.o(i.TaskMandelbrot) refers to tftdisplay.o(i.Tft_DrawString) for Tft_DrawString
    taskmandelbrot.o(i.TaskMandelbrot) refers to taskmandelbrot.o(i.MandelBrot) for MandelBrot
    taskmandelbrot.o(i.TaskMandelbrot) refers to debug.o(i.Reset_TaskMandelbrot_Debug) for Reset_TaskMandelbrot_Debug
    taskpoti.o(i.TaskPoti) refers to debug.o(i.Set_TaskPoti_Debug) for Set_TaskPoti_Debug
    taskpoti.o(i.TaskPoti) refers to tftdisplay.o(i.Tft_DrawString) for Tft_DrawString
    taskpoti.o(i.TaskPoti) refers to debug.o(i.Reset_TaskPoti_Debug) for Reset_TaskPoti_Debug
    taskwatch.o(i.TaskWatch) refers to debug.o(i.Set_TaskWatch_Debug) for Set_TaskWatch_Debug
    taskwatch.o(i.TaskWatch) refers to tftdisplay.o(i.Tft_DrawString) for Tft_DrawString
    taskwatch.o(i.TaskWatch) refers to debug.o(i.Reset_TaskWatch_Debug) for Reset_TaskWatch_Debug
    entry.o(.ARM.Collect$$$$00000000) refers (Special) to entry10a.o(.ARM.Collect$$$$0000000F) for __rt_final_cpp
    entry.o(.ARM.Collect$$$$00000000) refers (Special) to entry11a.o(.ARM.Collect$$$$00000011) for __rt_final_exit
    entry.o(.ARM.Collect$$$$00000000) refers (Special) to entry12b.o(.ARM.Collect$$$$0000000E) for __rt_lib_shutdown_fini
    entry.o(.ARM.Collect$$$$00000000) refers (Special) to entry7b.o(.ARM.Collect$$$$00000008) for _main_clock
    entry.o(.ARM.Collect$$$$00000000) refers (Special) to entry8b.o(.ARM.Collect$$$$0000000A) for _main_cpp_init
    entry.o(.ARM.Collect$$$$00000000) refers (Special) to entry9a.o(.ARM.Collect$$$$0000000B) for _main_init
    entry.o(.ARM.Collect$$$$00000000) refers (Special) to entry5.o(.ARM.Collect$$$$00000004) for _main_scatterload
    entry.o(.ARM.Collect$$$$00000000) refers (Special) to entry2.o(.ARM.Collect$$$$00000001) for _main_stk
    idiv.o(.text) refers to uidiv.o(.text) for __aeabi_uidivmod
    printfb.o(i.__0fprintf$bare) refers to printfb.o(i._printf_core) for _printf_core
    printfb.o(i.__0fprintf$bare) refers to fputc.o(i.fputc) for fputc
    printfb.o(i.__0printf$bare) refers to printfb.o(i._printf_core) for _printf_core
    printfb.o(i.__0printf$bare) refers to fputc.o(i.fputc) for fputc
    printfb.o(i.__0printf$bare) refers to stdout.o(.data) for __stdout
    printfb.o(i.__0snprintf$bare) refers to printfb.o(i._printf_core) for _printf_core
    printfb.o(i.__0snprintf$bare) refers to printfb.o(i._snputc) for _snputc
    printfb.o(i.__0sprintf$bare) refers to printfb.o(i._printf_core) for _printf_core
    printfb.o(i.__0sprintf$bare) refers to printfb.o(i._sputc) for _sputc
    printfb.o(i.__0vfprintf$bare) refers to printfb.o(i._printf_core) for _printf_core
    printfb.o(i.__0vfprintf$bare) refers to fputc.o(i.fputc) for fputc
    printfb.o(i.__0vprintf$bare) refers to printfb.o(i._printf_core) for _printf_core
    printfb.o(i.__0vprintf$bare) refers to fputc.o(i.fputc) for fputc
    printfb.o(i.__0vprintf$bare) refers to stdout.o(.data) for __stdout
    printfb.o(i.__0vsnprintf$bare) refers to printfb.o(i._printf_core) for _printf_core
    printfb.o(i.__0vsnprintf$bare) refers to printfb.o(i._snputc) for _snputc
    printfb.o(i.__0vsprintf$bare) refers to printfb.o(i._printf_core) for _printf_core
    printfb.o(i.__0vsprintf$bare) refers to printfb.o(i._sputc) for _sputc
    printf0.o(i.__0fprintf$0) refers to printf0.o(i._printf_core) for _printf_core
    printf0.o(i.__0fprintf$0) refers to fputc.o(i.fputc) for fputc
    printf0.o(i.__0printf$0) refers to printf0.o(i._printf_core) for _printf_core
    printf0.o(i.__0printf$0) refers to fputc.o(i.fputc) for fputc
    printf0.o(i.__0printf$0) refers to stdout.o(.data) for __stdout
    printf0.o(i.__0snprintf$0) refers to printf0.o(i._printf_core) for _printf_core
    printf0.o(i.__0snprintf$0) refers to printf0.o(i._snputc) for _snputc
    printf0.o(i.__0sprintf$0) refers to printf0.o(i._printf_core) for _printf_core
    printf0.o(i.__0sprintf$0) refers to printf0.o(i._sputc) for _sputc
    printf0.o(i.__0vfprintf$0) refers to printf0.o(i._printf_core) for _printf_core
    printf0.o(i.__0vfprintf$0) refers to fputc.o(i.fputc) for fputc
    printf0.o(i.__0vprintf$0) refers to printf0.o(i._printf_core) for _printf_core
    printf0.o(i.__0vprintf$0) refers to fputc.o(i.fputc) for fputc
    printf0.o(i.__0vprintf$0) refers to stdout.o(.data) for __stdout
    printf0.o(i.__0vsnprintf$0) refers to printf0.o(i._printf_core) for _printf_core
    printf0.o(i.__0vsnprintf$0) refers to printf0.o(i._snputc) for _snputc
    printf0.o(i.__0vsprintf$0) refers to printf0.o(i._printf_core) for _printf_core
    printf0.o(i.__0vsprintf$0) refers to printf0.o(i._sputc) for _sputc
    printf1.o(i.__0fprintf$1) refers to printf1.o(i._printf_core) for _printf_core
    printf1.o(i.__0fprintf$1) refers to fputc.o(i.fputc) for fputc
    printf1.o(i.__0printf$1) refers to printf1.o(i._printf_core) for _printf_core
    printf1.o(i.__0printf$1) refers to fputc.o(i.fputc) for fputc
    printf1.o(i.__0printf$1) refers to stdout.o(.data) for __stdout
    printf1.o(i.__0snprintf$1) refers to printf1.o(i._printf_core) for _printf_core
    printf1.o(i.__0snprintf$1) refers to printf1.o(i._snputc) for _snputc
    printf1.o(i.__0sprintf$1) refers to printf1.o(i._printf_core) for _printf_core
    printf1.o(i.__0sprintf$1) refers to printf1.o(i._sputc) for _sputc
    printf1.o(i.__0vfprintf$1) refers to printf1.o(i._printf_core) for _printf_core
    printf1.o(i.__0vfprintf$1) refers to fputc.o(i.fputc) for fputc
    printf1.o(i.__0vprintf$1) refers to printf1.o(i._printf_core) for _printf_core
    printf1.o(i.__0vprintf$1) refers to fputc.o(i.fputc) for fputc
    printf1.o(i.__0vprintf$1) refers to stdout.o(.data) for __stdout
    printf1.o(i.__0vsnprintf$1) refers to printf1.o(i._printf_core) for _printf_core
    printf1.o(i.__0vsnprintf$1) refers to printf1.o(i._snputc) for _snputc
    printf1.o(i.__0vsprintf$1) refers to printf1.o(i._printf_core) for _printf_core
    printf1.o(i.__0vsprintf$1) refers to printf1.o(i._sputc) for _sputc
    printf1.o(i._printf_core) refers to uidiv.o(.text) for __aeabi_uidivmod
    printf2.o(i.__0fprintf$2) refers to printf2.o(i._printf_core) for _printf_core
    printf2.o(i.__0fprintf$2) refers to fputc.o(i.fputc) for fputc
    printf2.o(i.__0printf$2) refers to printf2.o(i._printf_core) for _printf_core
    printf2.o(i.__0printf$2) refers to fputc.o(i.fputc) for fputc
    printf2.o(i.__0printf$2) refers to stdout.o(.data) for __stdout
    printf2.o(i.__0snprintf$2) refers to printf2.o(i._printf_core) for _printf_core
    printf2.o(i.__0snprintf$2) refers to printf2.o(i._snputc) for _snputc
    printf2.o(i.__0sprintf$2) refers to printf2.o(i._printf_core) for _printf_core
    printf2.o(i.__0sprintf$2) refers to printf2.o(i._sputc) for _sputc
    printf2.o(i.__0vfprintf$2) refers to printf2.o(i._printf_core) for _printf_core
    printf2.o(i.__0vfprintf$2) refers to fputc.o(i.fputc) for fputc
    printf2.o(i.__0vprintf$2) refers to printf2.o(i._printf_core) for _printf_core
    printf2.o(i.__0vprintf$2) refers to fputc.o(i.fputc) for fputc
    printf2.o(i.__0vprintf$2) refers to stdout.o(.data) for __stdout
    printf2.o(i.__0vsnprintf$2) refers to printf2.o(i._printf_core) for _printf_core
    printf2.o(i.__0vsnprintf$2) refers to printf2.o(i._snputc) for _snputc
    printf2.o(i.__0vsprintf$2) refers to printf2.o(i._printf_core) for _printf_core
    printf2.o(i.__0vsprintf$2) refers to printf2.o(i._sputc) for _sputc
    printf3.o(i.__0fprintf$3) refers to printf3.o(i._printf_core) for _printf_core
    printf3.o(i.__0fprintf$3) refers to fputc.o(i.fputc) for fputc
    printf3.o(i.__0printf$3) refers to printf3.o(i._printf_core) for _printf_core
    printf3.o(i.__0printf$3) refers to fputc.o(i.fputc) for fputc
    printf3.o(i.__0printf$3) refers to stdout.o(.data) for __stdout
    printf3.o(i.__0snprintf$3) refers to printf3.o(i._printf_core) for _printf_core
    printf3.o(i.__0snprintf$3) refers to printf3.o(i._snputc) for _snputc
    printf3.o(i.__0sprintf$3) refers to printf3.o(i._printf_core) for _printf_core
    printf3.o(i.__0sprintf$3) refers to printf3.o(i._sputc) for _sputc
    printf3.o(i.__0vfprintf$3) refers to printf3.o(i._printf_core) for _printf_core
    printf3.o(i.__0vfprintf$3) refers to fputc.o(i.fputc) for fputc
    printf3.o(i.__0vprintf$3) refers to printf3.o(i._printf_core) for _printf_core
    printf3.o(i.__0vprintf$3) refers to fputc.o(i.fputc) for fputc
    printf3.o(i.__0vprintf$3) refers to stdout.o(.data) for __stdout
    printf3.o(i.__0vsnprintf$3) refers to printf3.o(i._printf_core) for _printf_core
    printf3.o(i.__0vsnprintf$3) refers to printf3.o(i._snputc) for _snputc
    printf3.o(i.__0vsprintf$3) refers to printf3.o(i._printf_core) for _printf_core
    printf3.o(i.__0vsprintf$3) refers to printf3.o(i._sputc) for _sputc
    printf3.o(i._printf_core) refers to uidiv.o(.text) for __aeabi_uidivmod
    printf4.o(i.__0fprintf$4) refers to printf4.o(i._printf_core) for _printf_core
    printf4.o(i.__0fprintf$4) refers to fputc.o(i.fputc) for fputc
    printf4.o(i.__0printf$4) refers to printf4.o(i._printf_core) for _printf_core
    printf4.o(i.__0printf$4) refers to fputc.o(i.fputc) for fputc
    printf4.o(i.__0printf$4) refers to stdout.o(.data) for __stdout
    printf4.o(i.__0snprintf$4) refers to printf4.o(i._printf_core) for _printf_core
    printf4.o(i.__0snprintf$4) refers to printf4.o(i._snputc) for _snputc
    printf4.o(i.__0sprintf$4) refers to printf4.o(i._printf_core) for _printf_core
    printf4.o(i.__0sprintf$4) refers to printf4.o(i._sputc) for _sputc
    printf4.o(i.__0vfprintf$4) refers to printf4.o(i._printf_core) for _printf_core
    printf4.o(i.__0vfprintf$4) refers to fputc.o(i.fputc) for fputc
    printf4.o(i.__0vprintf$4) refers to printf4.o(i._printf_core) for _printf_core
    printf4.o(i.__0vprintf$4) refers to fputc.o(i.fputc) for fputc
    printf4.o(i.__0vprintf$4) refers to stdout.o(.data) for __stdout
    printf4.o(i.__0vsnprintf$4) refers to printf4.o(i._printf_core) for _printf_core
    printf4.o(i.__0vsnprintf$4) refers to printf4.o(i._snputc) for _snputc
    printf4.o(i.__0vsprintf$4) refers to printf4.o(i._printf_core) for _printf_core
    printf4.o(i.__0vsprintf$4) refers to printf4.o(i._sputc) for _sputc
    printf4.o(i._printf_core) refers to uldiv.o(.text) for __aeabi_uldivmod
    printf5.o(i.__0fprintf$5) refers to printf5.o(i._printf_core) for _printf_core
    printf5.o(i.__0fprintf$5) refers to fputc.o(i.fputc) for fputc
    printf5.o(i.__0printf$5) refers to printf5.o(i._printf_core) for _printf_core
    printf5.o(i.__0printf$5) refers to fputc.o(i.fputc) for fputc
    printf5.o(i.__0printf$5) refers to stdout.o(.data) for __stdout
    printf5.o(i.__0snprintf$5) refers to printf5.o(i._printf_core) for _printf_core
    printf5.o(i.__0snprintf$5) refers to printf5.o(i._snputc) for _snputc
    printf5.o(i.__0sprintf$5) refers to printf5.o(i._printf_core) for _printf_core
    printf5.o(i.__0sprintf$5) refers to printf5.o(i._sputc) for _sputc
    printf5.o(i.__0vfprintf$5) refers to printf5.o(i._printf_core) for _printf_core
    printf5.o(i.__0vfprintf$5) refers to fputc.o(i.fputc) for fputc
    printf5.o(i.__0vprintf$5) refers to printf5.o(i._printf_core) for _printf_core
    printf5.o(i.__0vprintf$5) refers to fputc.o(i.fputc) for fputc
    printf5.o(i.__0vprintf$5) refers to stdout.o(.data) for __stdout
    printf5.o(i.__0vsnprintf$5) refers to printf5.o(i._printf_core) for _printf_core
    printf5.o(i.__0vsnprintf$5) refers to printf5.o(i._snputc) for _snputc
    printf5.o(i.__0vsprintf$5) refers to printf5.o(i._printf_core) for _printf_core
    printf5.o(i.__0vsprintf$5) refers to printf5.o(i._sputc) for _sputc
    printf5.o(i._printf_core) refers to uldiv.o(.text) for __aeabi_uldivmod
    printf6.o(i.__0fprintf$6) refers to printf6.o(i._printf_core) for _printf_core
    printf6.o(i.__0fprintf$6) refers to fputc.o(i.fputc) for fputc
    printf6.o(i.__0printf$6) refers to printf6.o(i._printf_core) for _printf_core
    printf6.o(i.__0printf$6) refers to fputc.o(i.fputc) for fputc
    printf6.o(i.__0printf$6) refers to stdout.o(.data) for __stdout
    printf6.o(i.__0snprintf$6) refers to printf6.o(i._printf_core) for _printf_core
    printf6.o(i.__0snprintf$6) refers to printf6.o(i._snputc) for _snputc
    printf6.o(i.__0sprintf$6) refers to printf6.o(i._printf_core) for _printf_core
    printf6.o(i.__0sprintf$6) refers to printf6.o(i._sputc) for _sputc
    printf6.o(i.__0vfprintf$6) refers to printf6.o(i._printf_core) for _printf_core
    printf6.o(i.__0vfprintf$6) refers to fputc.o(i.fputc) for fputc
    printf6.o(i.__0vprintf$6) refers to printf6.o(i._printf_core) for _printf_core
    printf6.o(i.__0vprintf$6) refers to fputc.o(i.fputc) for fputc
    printf6.o(i.__0vprintf$6) refers to stdout.o(.data) for __stdout
    printf6.o(i.__0vsnprintf$6) refers to printf6.o(i._printf_core) for _printf_core
    printf6.o(i.__0vsnprintf$6) refers to printf6.o(i._snputc) for _snputc
    printf6.o(i.__0vsprintf$6) refers to printf6.o(i._printf_core) for _printf_core
    printf6.o(i.__0vsprintf$6) refers to printf6.o(i._sputc) for _sputc
    printf6.o(i._printf_core) refers to printf6.o(i._printf_pre_padding) for _printf_pre_padding
    printf6.o(i._printf_core) refers to printf6.o(i._printf_post_padding) for _printf_post_padding
    printf6.o(i._printf_core) refers to uidiv.o(.text) for __aeabi_uidivmod
    printf7.o(i.__0fprintf$7) refers to printf7.o(i._printf_core) for _printf_core
    printf7.o(i.__0fprintf$7) refers to fputc.o(i.fputc) for fputc
    printf7.o(i.__0printf$7) refers to printf7.o(i._printf_core) for _printf_core
    printf7.o(i.__0printf$7) refers to fputc.o(i.fputc) for fputc
    printf7.o(i.__0printf$7) refers to stdout.o(.data) for __stdout
    printf7.o(i.__0snprintf$7) refers to printf7.o(i._printf_core) for _printf_core
    printf7.o(i.__0snprintf$7) refers to printf7.o(i._snputc) for _snputc
    printf7.o(i.__0sprintf$7) refers to printf7.o(i._printf_core) for _printf_core
    printf7.o(i.__0sprintf$7) refers to printf7.o(i._sputc) for _sputc
    printf7.o(i.__0vfprintf$7) refers to printf7.o(i._printf_core) for _printf_core
    printf7.o(i.__0vfprintf$7) refers to fputc.o(i.fputc) for fputc
    printf7.o(i.__0vprintf$7) refers to printf7.o(i._printf_core) for _printf_core
    printf7.o(i.__0vprintf$7) refers to fputc.o(i.fputc) for fputc
    printf7.o(i.__0vprintf$7) refers to stdout.o(.data) for __stdout
    printf7.o(i.__0vsnprintf$7) refers to printf7.o(i._printf_core) for _printf_core
    printf7.o(i.__0vsnprintf$7) refers to printf7.o(i._snputc) for _snputc
    printf7.o(i.__0vsprintf$7) refers to printf7.o(i._printf_core) for _printf_core
    printf7.o(i.__0vsprintf$7) refers to printf7.o(i._sputc) for _sputc
    printf7.o(i._printf_core) refers to printf7.o(i._printf_pre_padding) for _printf_pre_padding
    printf7.o(i._printf_core) refers to printf7.o(i._printf_post_padding) for _printf_post_padding
    printf7.o(i._printf_core) refers to uldiv.o(.text) for __aeabi_uldivmod
    printf8.o(i.__0fprintf$8) refers to printf8.o(i._printf_core) for _printf_core
    printf8.o(i.__0fprintf$8) refers to fputc.o(i.fputc) for fputc
    printf8.o(i.__0printf$8) refers to printf8.o(i._printf_core) for _printf_core
    printf8.o(i.__0printf$8) refers to fputc.o(i.fputc) for fputc
    printf8.o(i.__0printf$8) refers to stdout.o(.data) for __stdout
    printf8.o(i.__0snprintf$8) refers to printf8.o(i._printf_core) for _printf_core
    printf8.o(i.__0snprintf$8) refers to printf8.o(i._snputc) for _snputc
    printf8.o(i.__0sprintf$8) refers to printf8.o(i._printf_core) for _printf_core
    printf8.o(i.__0sprintf$8) refers to printf8.o(i._sputc) for _sputc
    printf8.o(i.__0vfprintf$8) refers to printf8.o(i._printf_core) for _printf_core
    printf8.o(i.__0vfprintf$8) refers to fputc.o(i.fputc) for fputc
    printf8.o(i.__0vprintf$8) refers to printf8.o(i._printf_core) for _printf_core
    printf8.o(i.__0vprintf$8) refers to fputc.o(i.fputc) for fputc
    printf8.o(i.__0vprintf$8) refers to stdout.o(.data) for __stdout
    printf8.o(i.__0vsnprintf$8) refers to printf8.o(i._printf_core) for _printf_core
    printf8.o(i.__0vsnprintf$8) refers to printf8.o(i._snputc) for _snputc
    printf8.o(i.__0vsprintf$8) refers to printf8.o(i._printf_core) for _printf_core
    printf8.o(i.__0vsprintf$8) refers to printf8.o(i._sputc) for _sputc
    printf8.o(i._printf_core) refers to printf8.o(i._printf_pre_padding) for _printf_pre_padding
    printf8.o(i._printf_core) refers to printf8.o(i._printf_post_padding) for _printf_post_padding
    printf8.o(i._printf_core) refers to uldiv.o(.text) for __aeabi_uldivmod
    printfa.o(i.__0fprintf) refers (Special) to iusefp.o(.text) for __I$use$fp
    printfa.o(i.__0fprintf) refers to printfa.o(i._printf_core) for _printf_core
    printfa.o(i.__0fprintf) refers to fputc.o(i.fputc) for fputc
    printfa.o(i.__0printf) refers (Special) to iusefp.o(.text) for __I$use$fp
    printfa.o(i.__0printf) refers to printfa.o(i._printf_core) for _printf_core
    printfa.o(i.__0printf) refers to fputc.o(i.fputc) for fputc
    printfa.o(i.__0printf) refers to stdout.o(.data) for __stdout
    printfa.o(i.__0snprintf) refers (Special) to iusefp.o(.text) for __I$use$fp
    printfa.o(i.__0snprintf) refers to printfa.o(i._printf_core) for _printf_core
    printfa.o(i.__0snprintf) refers to printfa.o(i._snputc) for _snputc
    printfa.o(i.__0sprintf) refers (Special) to iusefp.o(.text) for __I$use$fp
    printfa.o(i.__0sprintf) refers to printfa.o(i._printf_core) for _printf_core
    printfa.o(i.__0sprintf) refers to printfa.o(i._sputc) for _sputc
    printfa.o(i.__0vfprintf) refers (Special) to iusefp.o(.text) for __I$use$fp
    printfa.o(i.__0vfprintf) refers to printfa.o(i._printf_core) for _printf_core
    printfa.o(i.__0vfprintf) refers to fputc.o(i.fputc) for fputc
    printfa.o(i.__0vprintf) refers (Special) to iusefp.o(.text) for __I$use$fp
    printfa.o(i.__0vprintf) refers to printfa.o(i._printf_core) for _printf_core
    printfa.o(i.__0vprintf) refers to fputc.o(i.fputc) for fputc
    printfa.o(i.__0vprintf) refers to stdout.o(.data) for __stdout
    printfa.o(i.__0vsnprintf) refers (Special) to iusefp.o(.text) for __I$use$fp
    printfa.o(i.__0vsnprintf) refers to printfa.o(i._printf_core) for _printf_core
    printfa.o(i.__0vsnprintf) refers to printfa.o(i._snputc) for _snputc
    printfa.o(i.__0vsprintf) refers (Special) to iusefp.o(.text) for __I$use$fp
    printfa.o(i.__0vsprintf) refers to printfa.o(i._printf_core) for _printf_core
    printfa.o(i.__0vsprintf) refers to printfa.o(i._sputc) for _sputc
    printfa.o(i._fp_digits) refers (Special) to iusefp.o(.text) for __I$use$fp
    printfa.o(i._fp_digits) refers to dmul.o(.text) for __aeabi_dmul
    printfa.o(i._fp_digits) refers to ddiv.o(.text) for __aeabi_ddiv
    printfa.o(i._fp_digits) refers to cdrcmple.o(.text) for __aeabi_cdrcmple
    printfa.o(i._fp_digits) refers to dadd.o(.text) for __aeabi_dadd
    printfa.o(i._fp_digits) refers to dfixul.o(.text) for __aeabi_d2ulz
    printfa.o(i._fp_digits) refers to uldiv.o(.text) for __aeabi_uldivmod
    printfa.o(i._printf_core) refers (Special) to iusefp.o(.text) for __I$use$fp
    printfa.o(i._printf_core) refers to printfa.o(i._printf_pre_padding) for _printf_pre_padding
    printfa.o(i._printf_core) refers to uldiv.o(.text) for __aeabi_uldivmod
    printfa.o(i._printf_core) refers to printfa.o(i._printf_post_padding) for _printf_post_padding
    printfa.o(i._printf_core) refers to printfa.o(i._fp_digits) for _fp_digits
    printfa.o(i._printf_core) refers to uidiv.o(.text) for __aeabi_uidivmod
    printfa.o(i._printf_post_padding) refers (Special) to iusefp.o(.text) for __I$use$fp
    printfa.o(i._printf_pre_padding) refers (Special) to iusefp.o(.text) for __I$use$fp
    printfa.o(i._snputc) refers (Special) to iusefp.o(.text) for __I$use$fp
    printfa.o(i._sputc) refers (Special) to iusefp.o(.text) for __I$use$fp
    dadd.o(.text) refers (Special) to iusefp.o(.text) for __I$use$fp
    dadd.o(.text) refers to llshl.o(.text) for __aeabi_llsl
    dadd.o(.text) refers to llsshr.o(.text) for __aeabi_lasr
    dadd.o(.text) refers to depilogue.o(.text) for _double_epilogue
    dmul.o(.text) refers (Special) to iusefp.o(.text) for __I$use$fp
    dmul.o(.text) refers to depilogue.o(.text) for _double_epilogue
    ddiv.o(.text) refers (Special) to iusefp.o(.text) for __I$use$fp
    ddiv.o(.text) refers to depilogue.o(.text) for _double_round
    dfltui.o(.text) refers (Special) to iusefp.o(.text) for __I$use$fp
    dfltui.o(.text) refers to depilogue.o(.text) for _double_epilogue
    cdrcmple.o(.text) refers (Special) to iusefp.o(.text) for __I$use$fp
    entry2.o(.ARM.Collect$$$$00000001) refers to entry2.o(.ARM.Collect$$$$00002712) for __lit__00000000
    entry2.o(.ARM.Collect$$$$00002712) refers to startup_stm32f072.o(STACK) for __initial_sp
    entry2.o(__vectab_stack_and_reset_area) refers to startup_stm32f072.o(STACK) for __initial_sp
    entry2.o(__vectab_stack_and_reset_area) refers to entry.o(.ARM.Collect$$$$00000000) for __main
    entry5.o(.ARM.Collect$$$$00000004) refers to init.o(.text) for __scatterload
    entry9a.o(.ARM.Collect$$$$0000000B) refers to main.o(i.main) for main
    entry9b.o(.ARM.Collect$$$$0000000C) refers to main.o(i.main) for main
    fputc.o(i.fputc) refers (Special) to iusesemip.o(.text) for __I$use$semihosting$fputc
    fputc.o(i.fputc) refers (Special) to semi.o(.text) for __semihosting_library_function
    uldiv.o(.text) refers to llushr.o(.text) for __aeabi_llsr
    uldiv.o(.text) refers to llshl.o(.text) for __aeabi_llsl
    depilogue.o(.text) refers to depilogue.o(i.__ARM_clz) for __ARM_clz
    depilogue.o(.text) refers to llshl.o(.text) for __aeabi_llsl
    depilogue.o(.text) refers to llushr.o(.text) for __aeabi_llsr
    dfixul.o(.text) refers to llushr.o(.text) for __aeabi_llsr
    dfixul.o(.text) refers to llshl.o(.text) for __aeabi_llsl
    init.o(.text) refers to entry5.o(.ARM.Collect$$$$00000004) for __main_after_scatterload


==============================================================================

Removing Unused input sections from the image.

    Removing key.o(.rev16_text), (4 bytes).
    Removing key.o(.revsh_text), (4 bytes).
    Removing key.o(i.Key_GetState), (68 bytes).
    Removing led.o(.rev16_text), (4 bytes).
    Removing led.o(.revsh_text), (4 bytes).
    Removing led.o(i.Led_Switch), (72 bytes).
    Removing led.o(i.Led_TurnOff), (14 bytes).
    Removing led.o(i.Led_TurnOn), (14 bytes).
    Removing tftdisplay.o(.rev16_text), (4 bytes).
    Removing tftdisplay.o(.revsh_text), (4 bytes).
    Removing tftdisplay.o(i.Tft_DrawHLine), (60 bytes).
    Removing tftdisplay.o(i.Tft_DrawVLine), (60 bytes).
    Removing tftdisplay.o(i.Tft_SetBackgroundColourRgb16), (12 bytes).
    Removing tftdisplay.o(i.Tft_SetForegroundColourRgb16), (12 bytes).
    Removing adc.o(.rev16_text), (4 bytes).
    Removing adc.o(.revsh_text), (4 bytes).
    Removing adc.o(i.Adc_GetValue), (104 bytes).
    Removing systick.o(.rev16_text), (4 bytes).
    Removing systick.o(.revsh_text), (4 bytes).
    Removing debug.o(.rev16_text), (4 bytes).
    Removing debug.o(.revsh_text), (4 bytes).
    Removing main.o(.rev16_text), (4 bytes).
    Removing main.o(.revsh_text), (4 bytes).
    Removing testtask.o(i.TaskA), (8 bytes).
    Removing testtask.o(i.TaskB), (8 bytes).
    Removing testtask.o(i.TaskC), (8 bytes).
    Removing apos_1.o(i.APOS_Init), (14 bytes).
    Removing apos_1.o(i.APOS_Start), (2 bytes).
    Removing apos_1.o(i.APOS_TASK_Create), (8 bytes).
    Removing apos_1.o(.bss), (4096 bytes).
    Removing apos_1.o(.data), (4 bytes).
    Removing stm32f0xx_adc.o(.rev16_text), (4 bytes).
    Removing stm32f0xx_adc.o(.revsh_text), (4 bytes).
    Removing stm32f0xx_adc.o(i.ADC_AnalogWatchdogCmd), (28 bytes).
    Removing stm32f0xx_adc.o(i.ADC_AnalogWatchdogSingleChannelCmd), (28 bytes).
    Removing stm32f0xx_adc.o(i.ADC_AnalogWatchdogSingleChannelConfig), (28 bytes).
    Removing stm32f0xx_adc.o(i.ADC_AnalogWatchdogThresholdsConfig), (8 bytes).
    Removing stm32f0xx_adc.o(i.ADC_AutoPowerOffCmd), (28 bytes).
    Removing stm32f0xx_adc.o(i.ADC_ChannelConfig), (24 bytes).
    Removing stm32f0xx_adc.o(i.ADC_ClearFlag), (4 bytes).
    Removing stm32f0xx_adc.o(i.ADC_ClearITPendingBit), (4 bytes).
    Removing stm32f0xx_adc.o(i.ADC_ClockModeConfig), (4 bytes).
    Removing stm32f0xx_adc.o(i.ADC_ContinuousModeCmd), (28 bytes).
    Removing stm32f0xx_adc.o(i.ADC_DMACmd), (24 bytes).
    Removing stm32f0xx_adc.o(i.ADC_DMARequestModeConfig), (16 bytes).
    Removing stm32f0xx_adc.o(i.ADC_DeInit), (32 bytes).
    Removing stm32f0xx_adc.o(i.ADC_DiscModeCmd), (28 bytes).
    Removing stm32f0xx_adc.o(i.ADC_GetCalibrationFactor), (60 bytes).
    Removing stm32f0xx_adc.o(i.ADC_GetConversionValue), (8 bytes).
    Removing stm32f0xx_adc.o(i.ADC_GetFlagStatus), (48 bytes).
    Removing stm32f0xx_adc.o(i.ADC_GetITStatus), (34 bytes).
    Removing stm32f0xx_adc.o(i.ADC_ITConfig), (20 bytes).
    Removing stm32f0xx_adc.o(i.ADC_JitterCmd), (20 bytes).
    Removing stm32f0xx_adc.o(i.ADC_OverrunModeCmd), (28 bytes).
    Removing stm32f0xx_adc.o(i.ADC_StartOfConversion), (10 bytes).
    Removing stm32f0xx_adc.o(i.ADC_StopOfConversion), (10 bytes).
    Removing stm32f0xx_adc.o(i.ADC_StructInit), (16 bytes).
    Removing stm32f0xx_adc.o(i.ADC_TempSensorCmd), (40 bytes).
    Removing stm32f0xx_adc.o(i.ADC_VbatCmd), (40 bytes).
    Removing stm32f0xx_adc.o(i.ADC_VrefintCmd), (40 bytes).
    Removing stm32f0xx_adc.o(i.ADC_WaitModeCmd), (28 bytes).
    Removing stm32f0xx_can.o(.rev16_text), (4 bytes).
    Removing stm32f0xx_can.o(.revsh_text), (4 bytes).
    Removing stm32f0xx_can.o(i.CAN_CancelTransmit), (54 bytes).
    Removing stm32f0xx_can.o(i.CAN_ClearFlag), (68 bytes).
    Removing stm32f0xx_can.o(i.CAN_ClearITPendingBit), (188 bytes).
    Removing stm32f0xx_can.o(i.CAN_DBGFreeze), (28 bytes).
    Removing stm32f0xx_can.o(i.CAN_DeInit), (24 bytes).
    Removing stm32f0xx_can.o(i.CAN_FIFORelease), (24 bytes).
    Removing stm32f0xx_can.o(i.CAN_FilterInit), (252 bytes).
    Removing stm32f0xx_can.o(i.CAN_GetFlagStatus), (146 bytes).
    Removing stm32f0xx_can.o(i.CAN_GetITStatus), (312 bytes).
    Removing stm32f0xx_can.o(i.CAN_GetLSBTransmitErrorCounter), (16 bytes).
    Removing stm32f0xx_can.o(i.CAN_GetLastErrorCode), (14 bytes).
    Removing stm32f0xx_can.o(i.CAN_GetReceiveErrorCounter), (10 bytes).
    Removing stm32f0xx_can.o(i.CAN_ITConfig), (20 bytes).
    Removing stm32f0xx_can.o(i.CAN_Init), (284 bytes).
    Removing stm32f0xx_can.o(i.CAN_MessagePending), (32 bytes).
    Removing stm32f0xx_can.o(i.CAN_OperatingModeRequest), (172 bytes).
    Removing stm32f0xx_can.o(i.CAN_Receive), (262 bytes).
    Removing stm32f0xx_can.o(i.CAN_SlaveStartBank), (56 bytes).
    Removing stm32f0xx_can.o(i.CAN_Sleep), (30 bytes).
    Removing stm32f0xx_can.o(i.CAN_StructInit), (32 bytes).
    Removing stm32f0xx_can.o(i.CAN_TTComModeCmd), (128 bytes).
    Removing stm32f0xx_can.o(i.CAN_Transmit), (308 bytes).
    Removing stm32f0xx_can.o(i.CAN_TransmitStatus), (176 bytes).
    Removing stm32f0xx_can.o(i.CAN_WakeUp), (52 bytes).
    Removing stm32f0xx_can.o(i.CheckITStatus), (20 bytes).
    Removing stm32f0xx_cec.o(.rev16_text), (4 bytes).
    Removing stm32f0xx_cec.o(.revsh_text), (4 bytes).
    Removing stm32f0xx_cec.o(i.CEC_ClearFlag), (12 bytes).
    Removing stm32f0xx_cec.o(i.CEC_ClearITPendingBit), (12 bytes).
    Removing stm32f0xx_cec.o(i.CEC_Cmd), (36 bytes).
    Removing stm32f0xx_cec.o(i.CEC_DeInit), (22 bytes).
    Removing stm32f0xx_cec.o(i.CEC_EndOfMessage), (20 bytes).
    Removing stm32f0xx_cec.o(i.CEC_GetFlagStatus), (28 bytes).
    Removing stm32f0xx_cec.o(i.CEC_GetITStatus), (40 bytes).
    Removing stm32f0xx_cec.o(i.CEC_ITConfig), (36 bytes).
    Removing stm32f0xx_cec.o(i.CEC_Init), (52 bytes).
    Removing stm32f0xx_cec.o(i.CEC_ListenModeCmd), (40 bytes).
    Removing stm32f0xx_cec.o(i.CEC_OwnAddressClear), (12 bytes).
    Removing stm32f0xx_cec.o(i.CEC_OwnAddressConfig), (28 bytes).
    Removing stm32f0xx_cec.o(i.CEC_ReceiveData), (12 bytes).
    Removing stm32f0xx_cec.o(i.CEC_SendData), (12 bytes).
    Removing stm32f0xx_cec.o(i.CEC_StartOfMessage), (20 bytes).
    Removing stm32f0xx_cec.o(i.CEC_StructInit), (18 bytes).
    Removing stm32f0xx_comp.o(.rev16_text), (4 bytes).
    Removing stm32f0xx_comp.o(.revsh_text), (4 bytes).
    Removing stm32f0xx_comp.o(i.COMP_Cmd), (40 bytes).
    Removing stm32f0xx_comp.o(i.COMP_DeInit), (12 bytes).
    Removing stm32f0xx_comp.o(i.COMP_GetOutputLevel), (36 bytes).
    Removing stm32f0xx_comp.o(i.COMP_Init), (56 bytes).
    Removing stm32f0xx_comp.o(i.COMP_LockConfig), (24 bytes).
    Removing stm32f0xx_comp.o(i.COMP_StructInit), (16 bytes).
    Removing stm32f0xx_comp.o(i.COMP_SwitchCmd), (36 bytes).
    Removing stm32f0xx_comp.o(i.COMP_WindowCmd), (40 bytes).
    Removing stm32f0xx_crc.o(.rev16_text), (4 bytes).
    Removing stm32f0xx_crc.o(.revsh_text), (4 bytes).
    Removing stm32f0xx_crc.o(i.CRC_CalcBlockCRC), (36 bytes).
    Removing stm32f0xx_crc.o(i.CRC_CalcCRC), (16 bytes).
    Removing stm32f0xx_crc.o(i.CRC_CalcCRC16bits), (16 bytes).
    Removing stm32f0xx_crc.o(i.CRC_CalcCRC8bits), (16 bytes).
    Removing stm32f0xx_crc.o(i.CRC_DeInit), (36 bytes).
    Removing stm32f0xx_crc.o(i.CRC_GetCRC), (12 bytes).
    Removing stm32f0xx_crc.o(i.CRC_GetIDRegister), (12 bytes).
    Removing stm32f0xx_crc.o(i.CRC_PolynomialSizeSelect), (32 bytes).
    Removing stm32f0xx_crc.o(i.CRC_ResetDR), (20 bytes).
    Removing stm32f0xx_crc.o(i.CRC_ReverseInputDataSelect), (32 bytes).
    Removing stm32f0xx_crc.o(i.CRC_ReverseOutputDataCmd), (36 bytes).
    Removing stm32f0xx_crc.o(i.CRC_SetIDRegister), (12 bytes).
    Removing stm32f0xx_crc.o(i.CRC_SetInitRegister), (12 bytes).
    Removing stm32f0xx_crc.o(i.CRC_SetPolynomial), (12 bytes).
    Removing stm32f0xx_crs.o(.rev16_text), (4 bytes).
    Removing stm32f0xx_crs.o(.revsh_text), (4 bytes).
    Removing stm32f0xx_crs.o(i.CRS_AdjustHSI48CalibrationValue), (32 bytes).
    Removing stm32f0xx_crs.o(i.CRS_AutomaticCalibrationCmd), (36 bytes).
    Removing stm32f0xx_crs.o(i.CRS_ClearFlag), (40 bytes).
    Removing stm32f0xx_crs.o(i.CRS_ClearITPendingBit), (40 bytes).
    Removing stm32f0xx_crs.o(i.CRS_DeInit), (22 bytes).
    Removing stm32f0xx_crs.o(i.CRS_FrequencyErrorCounterCmd), (36 bytes).
    Removing stm32f0xx_crs.o(i.CRS_FrequencyErrorCounterReload), (28 bytes).
    Removing stm32f0xx_crs.o(i.CRS_FrequencyErrorLimitConfig), (28 bytes).
    Removing stm32f0xx_crs.o(i.CRS_GetFlagStatus), (16 bytes).
    Removing stm32f0xx_crs.o(i.CRS_GetFrequencyErrorDirection), (16 bytes).
    Removing stm32f0xx_crs.o(i.CRS_GetFrequencyErrorValue), (16 bytes).
    Removing stm32f0xx_crs.o(i.CRS_GetHSI48CalibrationValue), (20 bytes).
    Removing stm32f0xx_crs.o(i.CRS_GetITStatus), (16 bytes).
    Removing stm32f0xx_crs.o(i.CRS_GetReloadValue), (12 bytes).
    Removing stm32f0xx_crs.o(i.CRS_ITConfig), (32 bytes).
    Removing stm32f0xx_crs.o(i.CRS_SoftwareSynchronizationGenerate), (20 bytes).
    Removing stm32f0xx_crs.o(i.CRS_SynchronizationPolarityConfig), (28 bytes).
    Removing stm32f0xx_crs.o(i.CRS_SynchronizationPrescalerConfig), (28 bytes).
    Removing stm32f0xx_crs.o(i.CRS_SynchronizationSourceConfig), (28 bytes).
    Removing stm32f0xx_dac.o(.rev16_text), (4 bytes).
    Removing stm32f0xx_dac.o(.revsh_text), (4 bytes).
    Removing stm32f0xx_dac.o(i.DAC_ClearFlag), (16 bytes).
    Removing stm32f0xx_dac.o(i.DAC_ClearITPendingBit), (16 bytes).
    Removing stm32f0xx_dac.o(i.DAC_Cmd), (40 bytes).
    Removing stm32f0xx_dac.o(i.DAC_DMACmd), (44 bytes).
    Removing stm32f0xx_dac.o(i.DAC_DeInit), (22 bytes).
    Removing stm32f0xx_dac.o(i.DAC_DualSoftwareTriggerCmd), (36 bytes).
    Removing stm32f0xx_dac.o(i.DAC_GetDataOutputValue), (36 bytes).
    Removing stm32f0xx_dac.o(i.DAC_GetFlagStatus), (32 bytes).
    Removing stm32f0xx_dac.o(i.DAC_GetITStatus), (52 bytes).
    Removing stm32f0xx_dac.o(i.DAC_ITConfig), (44 bytes).
    Removing stm32f0xx_dac.o(i.DAC_Init), (56 bytes).
    Removing stm32f0xx_dac.o(i.DAC_SetChannel1Data), (32 bytes).
    Removing stm32f0xx_dac.o(i.DAC_SetChannel2Data), (32 bytes).
    Removing stm32f0xx_dac.o(i.DAC_SetDualChannelData), (40 bytes).
    Removing stm32f0xx_dac.o(i.DAC_SoftwareTriggerCmd), (48 bytes).
    Removing stm32f0xx_dac.o(i.DAC_StructInit), (12 bytes).
    Removing stm32f0xx_dac.o(i.DAC_WaveGenerationCmd), (44 bytes).
    Removing stm32f0xx_dbgmcu.o(.rev16_text), (4 bytes).
    Removing stm32f0xx_dbgmcu.o(.revsh_text), (4 bytes).
    Removing stm32f0xx_dbgmcu.o(i.DBGMCU_APB1PeriphConfig), (32 bytes).
    Removing stm32f0xx_dbgmcu.o(i.DBGMCU_APB2PeriphConfig), (32 bytes).
    Removing stm32f0xx_dbgmcu.o(i.DBGMCU_Config), (32 bytes).
    Removing stm32f0xx_dbgmcu.o(i.DBGMCU_GetDEVID), (16 bytes).
    Removing stm32f0xx_dbgmcu.o(i.DBGMCU_GetREVID), (12 bytes).
    Removing stm32f0xx_dma.o(.rev16_text), (4 bytes).
    Removing stm32f0xx_dma.o(.revsh_text), (4 bytes).
    Removing stm32f0xx_dma.o(i.DMA_ClearFlag), (12 bytes).
    Removing stm32f0xx_dma.o(i.DMA_ClearITPendingBit), (12 bytes).
    Removing stm32f0xx_dma.o(i.DMA_Cmd), (28 bytes).
    Removing stm32f0xx_dma.o(i.DMA_DeInit), (216 bytes).
    Removing stm32f0xx_dma.o(i.DMA_GetCurrDataCounter), (8 bytes).
    Removing stm32f0xx_dma.o(i.DMA_GetFlagStatus), (28 bytes).
    Removing stm32f0xx_dma.o(i.DMA_GetITStatus), (28 bytes).
    Removing stm32f0xx_dma.o(i.DMA_ITConfig), (20 bytes).
    Removing stm32f0xx_dma.o(i.DMA_Init), (64 bytes).
    Removing stm32f0xx_dma.o(i.DMA_SetCurrDataCounter), (4 bytes).
    Removing stm32f0xx_dma.o(i.DMA_StructInit), (26 bytes).
    Removing stm32f0xx_exti.o(.rev16_text), (4 bytes).
    Removing stm32f0xx_exti.o(.revsh_text), (4 bytes).
    Removing stm32f0xx_exti.o(i.EXTI_ClearFlag), (12 bytes).
    Removing stm32f0xx_exti.o(i.EXTI_ClearITPendingBit), (12 bytes).
    Removing stm32f0xx_exti.o(i.EXTI_DeInit), (32 bytes).
    Removing stm32f0xx_exti.o(i.EXTI_GenerateSWInterrupt), (16 bytes).
    Removing stm32f0xx_exti.o(i.EXTI_GetFlagStatus), (28 bytes).
    Removing stm32f0xx_exti.o(i.EXTI_GetITStatus), (28 bytes).
    Removing stm32f0xx_exti.o(i.EXTI_Init), (136 bytes).
    Removing stm32f0xx_exti.o(i.EXTI_StructInit), (16 bytes).
    Removing stm32f0xx_flash.o(.rev16_text), (4 bytes).
    Removing stm32f0xx_flash.o(.revsh_text), (4 bytes).
    Removing stm32f0xx_flash.o(i.FLASH_ClearFlag), (12 bytes).
    Removing stm32f0xx_flash.o(i.FLASH_EraseAllPages), (72 bytes).
    Removing stm32f0xx_flash.o(i.FLASH_ErasePage), (76 bytes).
    Removing stm32f0xx_flash.o(i.FLASH_GetFlagStatus), (28 bytes).
    Removing stm32f0xx_flash.o(i.FLASH_GetPrefetchBufferStatus), (28 bytes).
    Removing stm32f0xx_flash.o(i.FLASH_GetStatus), (60 bytes).
    Removing stm32f0xx_flash.o(i.FLASH_ITConfig), (32 bytes).
    Removing stm32f0xx_flash.o(i.FLASH_Lock), (20 bytes).
    Removing stm32f0xx_flash.o(i.FLASH_OB_BOOT0Config), (80 bytes).
    Removing stm32f0xx_flash.o(i.FLASH_OB_BOOT0SWConfig), (80 bytes).
    Removing stm32f0xx_flash.o(i.FLASH_OB_BOOTConfig), (80 bytes).
    Removing stm32f0xx_flash.o(i.FLASH_OB_EnableWRP), (184 bytes).
    Removing stm32f0xx_flash.o(i.FLASH_OB_Erase), (152 bytes).
    Removing stm32f0xx_flash.o(i.FLASH_OB_GetRDP), (28 bytes).
    Removing stm32f0xx_flash.o(i.FLASH_OB_GetUser), (16 bytes).
    Removing stm32f0xx_flash.o(i.FLASH_OB_GetWRP), (12 bytes).
    Removing stm32f0xx_flash.o(i.FLASH_OB_Launch), (20 bytes).
    Removing stm32f0xx_flash.o(i.FLASH_OB_Lock), (20 bytes).
    Removing stm32f0xx_flash.o(i.FLASH_OB_ProgramData), (72 bytes).
    Removing stm32f0xx_flash.o(i.FLASH_OB_RDPConfig), (144 bytes).
    Removing stm32f0xx_flash.o(i.FLASH_OB_SRAMParityConfig), (80 bytes).
    Removing stm32f0xx_flash.o(i.FLASH_OB_Unlock), (40 bytes).
    Removing stm32f0xx_flash.o(i.FLASH_OB_UserConfig), (88 bytes).
    Removing stm32f0xx_flash.o(i.FLASH_OB_VDDAConfig), (80 bytes).
    Removing stm32f0xx_flash.o(i.FLASH_OB_WriteUser), (76 bytes).
    Removing stm32f0xx_flash.o(i.FLASH_PrefetchBufferCmd), (36 bytes).
    Removing stm32f0xx_flash.o(i.FLASH_ProgramHalfWord), (68 bytes).
    Removing stm32f0xx_flash.o(i.FLASH_ProgramWord), (108 bytes).
    Removing stm32f0xx_flash.o(i.FLASH_SetLatency), (28 bytes).
    Removing stm32f0xx_flash.o(i.FLASH_Unlock), (36 bytes).
    Removing stm32f0xx_flash.o(i.FLASH_WaitForLastOperation), (40 bytes).
    Removing stm32f0xx_gpio.o(.rev16_text), (4 bytes).
    Removing stm32f0xx_gpio.o(.revsh_text), (4 bytes).
    Removing stm32f0xx_gpio.o(i.GPIO_DeInit), (176 bytes).
    Removing stm32f0xx_gpio.o(i.GPIO_PinAFConfig), (68 bytes).
    Removing stm32f0xx_gpio.o(i.GPIO_PinLockConfig), (34 bytes).
    Removing stm32f0xx_gpio.o(i.GPIO_ReadInputData), (6 bytes).
    Removing stm32f0xx_gpio.o(i.GPIO_ReadInputDataBit), (20 bytes).
    Removing stm32f0xx_gpio.o(i.GPIO_ReadOutputData), (6 bytes).
    Removing stm32f0xx_gpio.o(i.GPIO_ReadOutputDataBit), (20 bytes).
    Removing stm32f0xx_gpio.o(i.GPIO_Write), (4 bytes).
    Removing stm32f0xx_gpio.o(i.GPIO_WriteBit), (12 bytes).
    Removing stm32f0xx_i2c.o(.rev16_text), (4 bytes).
    Removing stm32f0xx_i2c.o(.revsh_text), (4 bytes).
    Removing stm32f0xx_i2c.o(i.I2C_10BitAddressHeaderCmd), (28 bytes).
    Removing stm32f0xx_i2c.o(i.I2C_10BitAddressingModeCmd), (28 bytes).
    Removing stm32f0xx_i2c.o(i.I2C_AcknowledgeConfig), (28 bytes).
    Removing stm32f0xx_i2c.o(i.I2C_AutoEndCmd), (28 bytes).
    Removing stm32f0xx_i2c.o(i.I2C_CalculatePEC), (28 bytes).
    Removing stm32f0xx_i2c.o(i.I2C_ClearFlag), (4 bytes).
    Removing stm32f0xx_i2c.o(i.I2C_ClearITPendingBit), (4 bytes).
    Removing stm32f0xx_i2c.o(i.I2C_ClockTimeoutCmd), (28 bytes).
    Removing stm32f0xx_i2c.o(i.I2C_Cmd), (24 bytes).
    Removing stm32f0xx_i2c.o(i.I2C_DMACmd), (20 bytes).
    Removing stm32f0xx_i2c.o(i.I2C_DeInit), (56 bytes).
    Removing stm32f0xx_i2c.o(i.I2C_DualAddressCmd), (28 bytes).
    Removing stm32f0xx_i2c.o(i.I2C_ExtendedClockTimeoutCmd), (26 bytes).
    Removing stm32f0xx_i2c.o(i.I2C_GeneralCallCmd), (28 bytes).
    Removing stm32f0xx_i2c.o(i.I2C_GenerateSTART), (28 bytes).
    Removing stm32f0xx_i2c.o(i.I2C_GenerateSTOP), (28 bytes).
    Removing stm32f0xx_i2c.o(i.I2C_GetAddressMatched), (14 bytes).
    Removing stm32f0xx_i2c.o(i.I2C_GetFlagStatus), (28 bytes).
    Removing stm32f0xx_i2c.o(i.I2C_GetITStatus), (78 bytes).
    Removing stm32f0xx_i2c.o(i.I2C_GetPEC), (8 bytes).
    Removing stm32f0xx_i2c.o(i.I2C_GetTransferDirection), (30 bytes).
    Removing stm32f0xx_i2c.o(i.I2C_ITConfig), (20 bytes).
    Removing stm32f0xx_i2c.o(i.I2C_IdleClockTimeoutCmd), (28 bytes).
    Removing stm32f0xx_i2c.o(i.I2C_Init), (108 bytes).
    Removing stm32f0xx_i2c.o(i.I2C_MasterRequestConfig), (28 bytes).
    Removing stm32f0xx_i2c.o(i.I2C_NumberOfBytesConfig), (28 bytes).
    Removing stm32f0xx_i2c.o(i.I2C_OwnAddress2Config), (36 bytes).
    Removing stm32f0xx_i2c.o(i.I2C_PECRequestCmd), (28 bytes).
    Removing stm32f0xx_i2c.o(i.I2C_ReadRegister), (22 bytes).
    Removing stm32f0xx_i2c.o(i.I2C_ReceiveData), (8 bytes).
    Removing stm32f0xx_i2c.o(i.I2C_ReloadCmd), (28 bytes).
    Removing stm32f0xx_i2c.o(i.I2C_SMBusAlertCmd), (28 bytes).
    Removing stm32f0xx_i2c.o(i.I2C_SendData), (4 bytes).
    Removing stm32f0xx_i2c.o(i.I2C_SlaveAddressConfig), (20 bytes).
    Removing stm32f0xx_i2c.o(i.I2C_SlaveByteControlCmd), (28 bytes).
    Removing stm32f0xx_i2c.o(i.I2C_SoftwareResetCmd), (20 bytes).
    Removing stm32f0xx_i2c.o(i.I2C_StopModeCmd), (28 bytes).
    Removing stm32f0xx_i2c.o(i.I2C_StretchClockCmd), (28 bytes).
    Removing stm32f0xx_i2c.o(i.I2C_StructInit), (24 bytes).
    Removing stm32f0xx_i2c.o(i.I2C_TimeoutAConfig), (20 bytes).
    Removing stm32f0xx_i2c.o(i.I2C_TimeoutBConfig), (32 bytes).
    Removing stm32f0xx_i2c.o(i.I2C_TransferHandling), (44 bytes).
    Removing stm32f0xx_iwdg.o(.rev16_text), (4 bytes).
    Removing stm32f0xx_iwdg.o(.revsh_text), (4 bytes).
    Removing stm32f0xx_iwdg.o(i.IWDG_Enable), (16 bytes).
    Removing stm32f0xx_iwdg.o(i.IWDG_GetFlagStatus), (28 bytes).
    Removing stm32f0xx_iwdg.o(i.IWDG_ReloadCounter), (16 bytes).
    Removing stm32f0xx_iwdg.o(i.IWDG_SetPrescaler), (12 bytes).
    Removing stm32f0xx_iwdg.o(i.IWDG_SetReload), (12 bytes).
    Removing stm32f0xx_iwdg.o(i.IWDG_SetWindowValue), (12 bytes).
    Removing stm32f0xx_iwdg.o(i.IWDG_WriteAccessCmd), (12 bytes).
    Removing stm32f0xx_misc.o(.rev16_text), (4 bytes).
    Removing stm32f0xx_misc.o(.revsh_text), (4 bytes).
    Removing stm32f0xx_misc.o(i.NVIC_Init), (112 bytes).
    Removing stm32f0xx_misc.o(i.NVIC_SystemLPConfig), (32 bytes).
    Removing stm32f0xx_misc.o(i.SysTick_CLKSourceConfig), (36 bytes).
    Removing stm32f0xx_pwr.o(.rev16_text), (4 bytes).
    Removing stm32f0xx_pwr.o(.revsh_text), (4 bytes).
    Removing stm32f0xx_pwr.o(i.PWR_BackupAccessCmd), (40 bytes).
    Removing stm32f0xx_pwr.o(i.PWR_ClearFlag), (20 bytes).
    Removing stm32f0xx_pwr.o(i.PWR_DeInit), (22 bytes).
    Removing stm32f0xx_pwr.o(i.PWR_EnterSTANDBYMode), (48 bytes).
    Removing stm32f0xx_pwr.o(i.PWR_EnterSTOPMode), (100 bytes).
    Removing stm32f0xx_pwr.o(i.PWR_EnterSleepMode), (28 bytes).
    Removing stm32f0xx_pwr.o(i.PWR_GetFlagStatus), (28 bytes).
    Removing stm32f0xx_pwr.o(i.PWR_PVDCmd), (36 bytes).
    Removing stm32f0xx_pwr.o(i.PWR_PVDLevelConfig), (32 bytes).
    Removing stm32f0xx_pwr.o(i.PWR_WakeUpPinCmd), (32 bytes).
    Removing stm32f0xx_rcc.o(.rev16_text), (4 bytes).
    Removing stm32f0xx_rcc.o(.revsh_text), (4 bytes).
    Removing stm32f0xx_rcc.o(i.RCC_ADCCLKConfig), (56 bytes).
    Removing stm32f0xx_rcc.o(i.RCC_AHBPeriphResetCmd), (32 bytes).
    Removing stm32f0xx_rcc.o(i.RCC_APB1PeriphClockCmd), (32 bytes).
    Removing stm32f0xx_rcc.o(i.RCC_APB1PeriphResetCmd), (32 bytes).
    Removing stm32f0xx_rcc.o(i.RCC_APB2PeriphResetCmd), (32 bytes).
    Removing stm32f0xx_rcc.o(i.RCC_AdjustHSI14CalibrationValue), (32 bytes).
    Removing stm32f0xx_rcc.o(i.RCC_AdjustHSICalibrationValue), (32 bytes).
    Removing stm32f0xx_rcc.o(i.RCC_BackupResetCmd), (40 bytes).
    Removing stm32f0xx_rcc.o(i.RCC_CECCLKConfig), (28 bytes).
    Removing stm32f0xx_rcc.o(i.RCC_ClearFlag), (20 bytes).
    Removing stm32f0xx_rcc.o(i.RCC_ClearITPendingBit), (12 bytes).
    Removing stm32f0xx_rcc.o(i.RCC_ClockSecuritySystemCmd), (40 bytes).
    Removing stm32f0xx_rcc.o(i.RCC_DeInit), (116 bytes).
    Removing stm32f0xx_rcc.o(i.RCC_GetClocksFreq), (496 bytes).
    Removing stm32f0xx_rcc.o(i.RCC_GetFlagStatus), (72 bytes).
    Removing stm32f0xx_rcc.o(i.RCC_GetITStatus), (28 bytes).
    Removing stm32f0xx_rcc.o(i.RCC_GetSYSCLKSource), (16 bytes).
    Removing stm32f0xx_rcc.o(i.RCC_HCLKConfig), (32 bytes).
    Removing stm32f0xx_rcc.o(i.RCC_HSEConfig), (16 bytes).
    Removing stm32f0xx_rcc.o(i.RCC_HSI14ADCRequestCmd), (36 bytes).
    Removing stm32f0xx_rcc.o(i.RCC_HSI14Cmd), (36 bytes).
    Removing stm32f0xx_rcc.o(i.RCC_HSI48Cmd), (40 bytes).
    Removing stm32f0xx_rcc.o(i.RCC_HSICmd), (36 bytes).
    Removing stm32f0xx_rcc.o(i.RCC_I2CCLKConfig), (28 bytes).
    Removing stm32f0xx_rcc.o(i.RCC_ITConfig), (32 bytes).
    Removing stm32f0xx_rcc.o(i.RCC_LSEConfig), (40 bytes).
    Removing stm32f0xx_rcc.o(i.RCC_LSEDriveConfig), (28 bytes).
    Removing stm32f0xx_rcc.o(i.RCC_LSICmd), (36 bytes).
    Removing stm32f0xx_rcc.o(i.RCC_MCOConfig), (28 bytes).
    Removing stm32f0xx_rcc.o(i.RCC_PCLKConfig), (36 bytes).
    Removing stm32f0xx_rcc.o(i.RCC_PLLCmd), (40 bytes).
    Removing stm32f0xx_rcc.o(i.RCC_PLLConfig), (36 bytes).
    Removing stm32f0xx_rcc.o(i.RCC_PREDIV1Config), (28 bytes).
    Removing stm32f0xx_rcc.o(i.RCC_RTCCLKCmd), (40 bytes).
    Removing stm32f0xx_rcc.o(i.RCC_RTCCLKConfig), (16 bytes).
    Removing stm32f0xx_rcc.o(i.RCC_SYSCLKConfig), (28 bytes).
    Removing stm32f0xx_rcc.o(i.RCC_USARTCLKConfig), (52 bytes).
    Removing stm32f0xx_rcc.o(i.RCC_USBCLKConfig), (28 bytes).
    Removing stm32f0xx_rcc.o(i.RCC_WaitForHSEStartUp), (60 bytes).
    Removing stm32f0xx_rcc.o(.data), (16 bytes).
    Removing stm32f0xx_rtc.o(.rev16_text), (4 bytes).
    Removing stm32f0xx_rtc.o(.revsh_text), (4 bytes).
    Removing stm32f0xx_rtc.o(i.RTC_AlarmCmd), (112 bytes).
    Removing stm32f0xx_rtc.o(i.RTC_AlarmStructInit), (22 bytes).
    Removing stm32f0xx_rtc.o(i.RTC_AlarmSubSecondConfig), (40 bytes).
    Removing stm32f0xx_rtc.o(i.RTC_Bcd2ToByte), (26 bytes).
    Removing stm32f0xx_rtc.o(i.RTC_BypassShadowCmd), (52 bytes).
    Removing stm32f0xx_rtc.o(i.RTC_ByteToBcd2), (28 bytes).
    Removing stm32f0xx_rtc.o(i.RTC_CalibOutputCmd), (56 bytes).
    Removing stm32f0xx_rtc.o(i.RTC_CalibOutputConfig), (44 bytes).
    Removing stm32f0xx_rtc.o(i.RTC_ClearFlag), (32 bytes).
    Removing stm32f0xx_rtc.o(i.RTC_ClearITPendingBit), (36 bytes).
    Removing stm32f0xx_rtc.o(i.RTC_DateStructInit), (14 bytes).
    Removing stm32f0xx_rtc.o(i.RTC_DayLightSavingConfig), (48 bytes).
    Removing stm32f0xx_rtc.o(i.RTC_DeInit), (116 bytes).
    Removing stm32f0xx_rtc.o(i.RTC_EnterInitMode), (88 bytes).
    Removing stm32f0xx_rtc.o(i.RTC_ExitInitMode), (20 bytes).
    Removing stm32f0xx_rtc.o(i.RTC_GetAlarm), (120 bytes).
    Removing stm32f0xx_rtc.o(i.RTC_GetAlarmSubSecond), (20 bytes).
    Removing stm32f0xx_rtc.o(i.RTC_GetDate), (96 bytes).
    Removing stm32f0xx_rtc.o(i.RTC_GetFlagStatus), (44 bytes).
    Removing stm32f0xx_rtc.o(i.RTC_GetITStatus), (76 bytes).
    Removing stm32f0xx_rtc.o(i.RTC_GetStoreOperation), (16 bytes).
    Removing stm32f0xx_rtc.o(i.RTC_GetSubSecond), (16 bytes).
    Removing stm32f0xx_rtc.o(i.RTC_GetTime), (92 bytes).
    Removing stm32f0xx_rtc.o(i.RTC_GetTimeStamp), (164 bytes).
    Removing stm32f0xx_rtc.o(i.RTC_GetTimeStampSubSecond), (12 bytes).
    Removing stm32f0xx_rtc.o(i.RTC_GetWakeUpCounter), (12 bytes).
    Removing stm32f0xx_rtc.o(i.RTC_ITConfig), (100 bytes).
    Removing stm32f0xx_rtc.o(i.RTC_Init), (88 bytes).
    Removing stm32f0xx_rtc.o(i.RTC_OutputConfig), (48 bytes).
    Removing stm32f0xx_rtc.o(i.RTC_OutputTypeConfig), (28 bytes).
    Removing stm32f0xx_rtc.o(i.RTC_ReadBackupRegister), (32 bytes).
    Removing stm32f0xx_rtc.o(i.RTC_RefClockCmd), (76 bytes).
    Removing stm32f0xx_rtc.o(i.RTC_SetAlarm), (216 bytes).
    Removing stm32f0xx_rtc.o(i.RTC_SetDate), (208 bytes).
    Removing stm32f0xx_rtc.o(i.RTC_SetTime), (216 bytes).
    Removing stm32f0xx_rtc.o(i.RTC_SetWakeUpCounter), (24 bytes).
    Removing stm32f0xx_rtc.o(i.RTC_SmoothCalibConfig), (96 bytes).
    Removing stm32f0xx_rtc.o(i.RTC_StructInit), (14 bytes).
    Removing stm32f0xx_rtc.o(i.RTC_SynchroShiftConfig), (124 bytes).
    Removing stm32f0xx_rtc.o(i.RTC_TamperCmd), (32 bytes).
    Removing stm32f0xx_rtc.o(i.RTC_TamperFilterConfig), (28 bytes).
    Removing stm32f0xx_rtc.o(i.RTC_TamperPinsPrechargeDuration), (28 bytes).
    Removing stm32f0xx_rtc.o(i.RTC_TamperPullUpCmd), (40 bytes).
    Removing stm32f0xx_rtc.o(i.RTC_TamperSamplingFreqConfig), (28 bytes).
    Removing stm32f0xx_rtc.o(i.RTC_TamperTriggerConfig), (36 bytes).
    Removing stm32f0xx_rtc.o(i.RTC_TimeStampCmd), (64 bytes).
    Removing stm32f0xx_rtc.o(i.RTC_TimeStampOnTamperDetectionCmd), (36 bytes).
    Removing stm32f0xx_rtc.o(i.RTC_TimeStructInit), (12 bytes).
    Removing stm32f0xx_rtc.o(i.RTC_WaitForSynchro), (108 bytes).
    Removing stm32f0xx_rtc.o(i.RTC_WakeUpClockConfig), (40 bytes).
    Removing stm32f0xx_rtc.o(i.RTC_WakeUpCmd), (116 bytes).
    Removing stm32f0xx_rtc.o(i.RTC_WriteBackupRegister), (28 bytes).
    Removing stm32f0xx_rtc.o(i.RTC_WriteProtectionCmd), (28 bytes).
    Removing stm32f0xx_spi.o(.rev16_text), (4 bytes).
    Removing stm32f0xx_spi.o(.revsh_text), (4 bytes).
    Removing stm32f0xx_spi.o(i.I2S_Cmd), (32 bytes).
    Removing stm32f0xx_spi.o(i.I2S_Init), (232 bytes).
    Removing stm32f0xx_spi.o(i.I2S_StructInit), (20 bytes).
    Removing stm32f0xx_spi.o(i.SPI_BiDirectionalLineConfig), (32 bytes).
    Removing stm32f0xx_spi.o(i.SPI_CRCLengthConfig), (20 bytes).
    Removing stm32f0xx_spi.o(i.SPI_CalculateCRC), (32 bytes).
    Removing stm32f0xx_spi.o(i.SPI_Cmd), (28 bytes).
    Removing stm32f0xx_spi.o(i.SPI_DataSizeConfig), (24 bytes).
    Removing stm32f0xx_spi.o(i.SPI_GetCRC), (16 bytes).
    Removing stm32f0xx_spi.o(i.SPI_GetCRCPolynomial), (6 bytes).
    Removing stm32f0xx_spi.o(i.SPI_GetReceptionFIFOStatus), (12 bytes).
    Removing stm32f0xx_spi.o(i.SPI_GetTransmissionFIFOStatus), (12 bytes).
    Removing stm32f0xx_spi.o(i.SPI_I2S_ClearFlag), (6 bytes).
    Removing stm32f0xx_spi.o(i.SPI_I2S_DMACmd), (20 bytes).
    Removing stm32f0xx_spi.o(i.SPI_I2S_DeInit), (60 bytes).
    Removing stm32f0xx_spi.o(i.SPI_I2S_GetFlagStatus), (20 bytes).
    Removing stm32f0xx_spi.o(i.SPI_I2S_GetITStatus), (56 bytes).
    Removing stm32f0xx_spi.o(i.SPI_I2S_ITConfig), (34 bytes).
    Removing stm32f0xx_spi.o(i.SPI_I2S_ReceiveData16), (6 bytes).
    Removing stm32f0xx_spi.o(i.SPI_I2S_SendData16), (4 bytes).
    Removing stm32f0xx_spi.o(i.SPI_Init), (88 bytes).
    Removing stm32f0xx_spi.o(i.SPI_LastDMATransferCmd), (20 bytes).
    Removing stm32f0xx_spi.o(i.SPI_NSSInternalSoftwareConfig), (32 bytes).
    Removing stm32f0xx_spi.o(i.SPI_NSSPulseModeCmd), (28 bytes).
    Removing stm32f0xx_spi.o(i.SPI_ReceiveData8), (12 bytes).
    Removing stm32f0xx_spi.o(i.SPI_RxFIFOThresholdConfig), (20 bytes).
    Removing stm32f0xx_spi.o(i.SPI_SSOutputCmd), (28 bytes).
    Removing stm32f0xx_spi.o(i.SPI_SendData8), (10 bytes).
    Removing stm32f0xx_spi.o(i.SPI_StructInit), (30 bytes).
    Removing stm32f0xx_spi.o(i.SPI_TIModeCmd), (28 bytes).
    Removing stm32f0xx_spi.o(i.SPI_TransmitCRC), (12 bytes).
    Removing stm32f0xx_syscfg.o(.rev16_text), (4 bytes).
    Removing stm32f0xx_syscfg.o(.revsh_text), (4 bytes).
    Removing stm32f0xx_syscfg.o(i.SYSCFG_BreakConfig), (16 bytes).
    Removing stm32f0xx_syscfg.o(i.SYSCFG_ClearFlag), (16 bytes).
    Removing stm32f0xx_syscfg.o(i.SYSCFG_DMAChannelRemapConfig), (32 bytes).
    Removing stm32f0xx_syscfg.o(i.SYSCFG_DeInit), (44 bytes).
    Removing stm32f0xx_syscfg.o(i.SYSCFG_EXTILineConfig), (64 bytes).
    Removing stm32f0xx_syscfg.o(i.SYSCFG_GetFlagStatus), (32 bytes).
    Removing stm32f0xx_syscfg.o(i.SYSCFG_I2CFastModePlusConfig), (32 bytes).
    Removing stm32f0xx_syscfg.o(i.SYSCFG_MemoryRemapConfig), (28 bytes).
    Removing stm32f0xx_tim.o(.rev16_text), (4 bytes).
    Removing stm32f0xx_tim.o(.revsh_text), (4 bytes).
    Removing stm32f0xx_tim.o(i.TI1_Config), (56 bytes).
    Removing stm32f0xx_tim.o(i.TI2_Config), (76 bytes).
    Removing stm32f0xx_tim.o(i.TI3_Config), (72 bytes).
    Removing stm32f0xx_tim.o(i.TI4_Config), (80 bytes).
    Removing stm32f0xx_tim.o(i.TIM_ARRPreloadConfig), (28 bytes).
    Removing stm32f0xx_tim.o(i.TIM_BDTRConfig), (32 bytes).
    Removing stm32f0xx_tim.o(i.TIM_BDTRStructInit), (18 bytes).
    Removing stm32f0xx_tim.o(i.TIM_CCPreloadControl), (28 bytes).
    Removing stm32f0xx_tim.o(i.TIM_CCxCmd), (30 bytes).
    Removing stm32f0xx_tim.o(i.TIM_CCxNCmd), (30 bytes).
    Removing stm32f0xx_tim.o(i.TIM_ClearFlag), (6 bytes).
    Removing stm32f0xx_tim.o(i.TIM_ClearITPendingBit), (6 bytes).
    Removing stm32f0xx_tim.o(i.TIM_ClearOC1Ref), (24 bytes).
    Removing stm32f0xx_tim.o(i.TIM_ClearOC2Ref), (20 bytes).
    Removing stm32f0xx_tim.o(i.TIM_ClearOC3Ref), (24 bytes).
    Removing stm32f0xx_tim.o(i.TIM_ClearOC4Ref), (20 bytes).
    Removing stm32f0xx_tim.o(i.TIM_Cmd), (28 bytes).
    Removing stm32f0xx_tim.o(i.TIM_CounterModeConfig), (24 bytes).
    Removing stm32f0xx_tim.o(i.TIM_CtrlPWMOutputs), (34 bytes).
    Removing stm32f0xx_tim.o(i.TIM_DMACmd), (20 bytes).
    Removing stm32f0xx_tim.o(i.TIM_DMAConfig), (12 bytes).
    Removing stm32f0xx_tim.o(i.TIM_DeInit), (260 bytes).
    Removing stm32f0xx_tim.o(i.TIM_ETRClockMode1Config), (52 bytes).
    Removing stm32f0xx_tim.o(i.TIM_ETRClockMode2Config), (34 bytes).
    Removing stm32f0xx_tim.o(i.TIM_ETRConfig), (24 bytes).
    Removing stm32f0xx_tim.o(i.TIM_EncoderInterfaceConfig), (68 bytes).
    Removing stm32f0xx_tim.o(i.TIM_ForcedOC1Config), (24 bytes).
    Removing stm32f0xx_tim.o(i.TIM_ForcedOC2Config), (24 bytes).
    Removing stm32f0xx_tim.o(i.TIM_ForcedOC3Config), (24 bytes).
    Removing stm32f0xx_tim.o(i.TIM_ForcedOC4Config), (24 bytes).
    Removing stm32f0xx_tim.o(i.TIM_GenerateEvent), (4 bytes).
    Removing stm32f0xx_tim.o(i.TIM_GetCapture1), (6 bytes).
    Removing stm32f0xx_tim.o(i.TIM_GetCapture2), (6 bytes).
    Removing stm32f0xx_tim.o(i.TIM_GetCapture3), (6 bytes).
    Removing stm32f0xx_tim.o(i.TIM_GetCapture4), (6 bytes).
    Removing stm32f0xx_tim.o(i.TIM_GetCounter), (6 bytes).
    Removing stm32f0xx_tim.o(i.TIM_GetFlagStatus), (20 bytes).
    Removing stm32f0xx_tim.o(i.TIM_GetITStatus), (38 bytes).
    Removing stm32f0xx_tim.o(i.TIM_GetPrescaler), (6 bytes).
    Removing stm32f0xx_tim.o(i.TIM_ICInit), (112 bytes).
    Removing stm32f0xx_tim.o(i.TIM_ICStructInit), (18 bytes).
    Removing stm32f0xx_tim.o(i.TIM_ITConfig), (20 bytes).
    Removing stm32f0xx_tim.o(i.TIM_ITRxExternalClockConfig), (24 bytes).
    Removing stm32f0xx_tim.o(i.TIM_InternalClockConfig), (16 bytes).
    Removing stm32f0xx_tim.o(i.TIM_OC1FastConfig), (24 bytes).
    Removing stm32f0xx_tim.o(i.TIM_OC1Init), (148 bytes).
    Removing stm32f0xx_tim.o(i.TIM_OC1NPolarityConfig), (24 bytes).
    Removing stm32f0xx_tim.o(i.TIM_OC1PolarityConfig), (24 bytes).
    Removing stm32f0xx_tim.o(i.TIM_OC1PreloadConfig), (24 bytes).
    Removing stm32f0xx_tim.o(i.TIM_OC2FastConfig), (24 bytes).
    Removing stm32f0xx_tim.o(i.TIM_OC2Init), (172 bytes).
    Removing stm32f0xx_tim.o(i.TIM_OC2NPolarityConfig), (24 bytes).
    Removing stm32f0xx_tim.o(i.TIM_OC2PolarityConfig), (24 bytes).
    Removing stm32f0xx_tim.o(i.TIM_OC2PreloadConfig), (24 bytes).
    Removing stm32f0xx_tim.o(i.TIM_OC3FastConfig), (24 bytes).
    Removing stm32f0xx_tim.o(i.TIM_OC3Init), (152 bytes).
    Removing stm32f0xx_tim.o(i.TIM_OC3NPolarityConfig), (24 bytes).
    Removing stm32f0xx_tim.o(i.TIM_OC3PolarityConfig), (24 bytes).
    Removing stm32f0xx_tim.o(i.TIM_OC3PreloadConfig), (24 bytes).
    Removing stm32f0xx_tim.o(i.TIM_OC4FastConfig), (24 bytes).
    Removing stm32f0xx_tim.o(i.TIM_OC4Init), (112 bytes).
    Removing stm32f0xx_tim.o(i.TIM_OC4PolarityConfig), (24 bytes).
    Removing stm32f0xx_tim.o(i.TIM_OC4PreloadConfig), (24 bytes).
    Removing stm32f0xx_tim.o(i.TIM_OCStructInit), (20 bytes).
    Removing stm32f0xx_tim.o(i.TIM_PWMIConfig), (124 bytes).
    Removing stm32f0xx_tim.o(i.TIM_PrescalerConfig), (6 bytes).
    Removing stm32f0xx_tim.o(i.TIM_RemapConfig), (6 bytes).
    Removing stm32f0xx_tim.o(i.TIM_SelectCCDMA), (28 bytes).
    Removing stm32f0xx_tim.o(i.TIM_SelectCOM), (28 bytes).
    Removing stm32f0xx_tim.o(i.TIM_SelectHallSensor), (28 bytes).
    Removing stm32f0xx_tim.o(i.TIM_SelectInputTrigger), (24 bytes).
    Removing stm32f0xx_tim.o(i.TIM_SelectMasterSlaveMode), (20 bytes).
    Removing stm32f0xx_tim.o(i.TIM_SelectOCREFClear), (20 bytes).
    Removing stm32f0xx_tim.o(i.TIM_SelectOCxM), (82 bytes).
    Removing stm32f0xx_tim.o(i.TIM_SelectOnePulseMode), (20 bytes).
    Removing stm32f0xx_tim.o(i.TIM_SelectOutputTrigger), (20 bytes).
    Removing stm32f0xx_tim.o(i.TIM_SelectSlaveMode), (20 bytes).
    Removing stm32f0xx_tim.o(i.TIM_SetAutoreload), (4 bytes).
    Removing stm32f0xx_tim.o(i.TIM_SetClockDivision), (20 bytes).
    Removing stm32f0xx_tim.o(i.TIM_SetCompare1), (4 bytes).
    Removing stm32f0xx_tim.o(i.TIM_SetCompare2), (4 bytes).
    Removing stm32f0xx_tim.o(i.TIM_SetCompare3), (4 bytes).
    Removing stm32f0xx_tim.o(i.TIM_SetCompare4), (4 bytes).
    Removing stm32f0xx_tim.o(i.TIM_SetCounter), (4 bytes).
    Removing stm32f0xx_tim.o(i.TIM_SetIC1Prescaler), (20 bytes).
    Removing stm32f0xx_tim.o(i.TIM_SetIC2Prescaler), (24 bytes).
    Removing stm32f0xx_tim.o(i.TIM_SetIC3Prescaler), (20 bytes).
    Removing stm32f0xx_tim.o(i.TIM_SetIC4Prescaler), (24 bytes).
    Removing stm32f0xx_tim.o(i.TIM_TIxExternalClockConfig), (58 bytes).
    Removing stm32f0xx_tim.o(i.TIM_TimeBaseInit), (124 bytes).
    Removing stm32f0xx_tim.o(i.TIM_TimeBaseStructInit), (18 bytes).
    Removing stm32f0xx_tim.o(i.TIM_UpdateDisableConfig), (28 bytes).
    Removing stm32f0xx_tim.o(i.TIM_UpdateRequestConfig), (28 bytes).
    Removing stm32f0xx_usart.o(.rev16_text), (4 bytes).
    Removing stm32f0xx_usart.o(.revsh_text), (4 bytes).
    Removing stm32f0xx_usart.o(i.USART_AddressDetectionConfig), (16 bytes).
    Removing stm32f0xx_usart.o(i.USART_AutoBaudRateCmd), (28 bytes).
    Removing stm32f0xx_usart.o(i.USART_AutoBaudRateConfig), (18 bytes).
    Removing stm32f0xx_usart.o(i.USART_ClearFlag), (4 bytes).
    Removing stm32f0xx_usart.o(i.USART_ClearITPendingBit), (18 bytes).
    Removing stm32f0xx_usart.o(i.USART_ClockInit), (36 bytes).
    Removing stm32f0xx_usart.o(i.USART_ClockStructInit), (12 bytes).
    Removing stm32f0xx_usart.o(i.USART_Cmd), (24 bytes).
    Removing stm32f0xx_usart.o(i.USART_DECmd), (28 bytes).
    Removing stm32f0xx_usart.o(i.USART_DEPolarityConfig), (18 bytes).
    Removing stm32f0xx_usart.o(i.USART_DMACmd), (20 bytes).
    Removing stm32f0xx_usart.o(i.USART_DMAReceptionErrorConfig), (18 bytes).
    Removing stm32f0xx_usart.o(i.USART_DataInvCmd), (28 bytes).
    Removing stm32f0xx_usart.o(i.USART_DeInit), (124 bytes).
    Removing stm32f0xx_usart.o(i.USART_DirectionModeCmd), (20 bytes).
    Removing stm32f0xx_usart.o(i.USART_GetFlagStatus), (20 bytes).
    Removing stm32f0xx_usart.o(i.USART_GetITStatus), (78 bytes).
    Removing stm32f0xx_usart.o(i.USART_HalfDuplexCmd), (24 bytes).
    Removing stm32f0xx_usart.o(i.USART_ITConfig), (66 bytes).
    Removing stm32f0xx_usart.o(i.USART_Init), (232 bytes).
    Removing stm32f0xx_usart.o(i.USART_InvPinCmd), (20 bytes).
    Removing stm32f0xx_usart.o(i.USART_IrDACmd), (24 bytes).
    Removing stm32f0xx_usart.o(i.USART_IrDAConfig), (16 bytes).
    Removing stm32f0xx_usart.o(i.USART_LINBreakDetectLengthConfig), (16 bytes).
    Removing stm32f0xx_usart.o(i.USART_LINCmd), (28 bytes).
    Removing stm32f0xx_usart.o(i.USART_MSBFirstCmd), (28 bytes).
    Removing stm32f0xx_usart.o(i.USART_MuteModeCmd), (28 bytes).
    Removing stm32f0xx_usart.o(i.USART_MuteModeWakeUpConfig), (18 bytes).
    Removing stm32f0xx_usart.o(i.USART_OneBitMethodCmd), (28 bytes).
    Removing stm32f0xx_usart.o(i.USART_OverSampling8Cmd), (28 bytes).
    Removing stm32f0xx_usart.o(i.USART_OverrunDetectionConfig), (18 bytes).
    Removing stm32f0xx_usart.o(i.USART_ReceiveData), (10 bytes).
    Removing stm32f0xx_usart.o(i.USART_ReceiverTimeOutCmd), (28 bytes).
    Removing stm32f0xx_usart.o(i.USART_RequestCmd), (20 bytes).
    Removing stm32f0xx_usart.o(i.USART_STOPModeCmd), (24 bytes).
    Removing stm32f0xx_usart.o(i.USART_SWAPPinCmd), (28 bytes).
    Removing stm32f0xx_usart.o(i.USART_SendData), (8 bytes).
    Removing stm32f0xx_usart.o(i.USART_SetAddress), (18 bytes).
    Removing stm32f0xx_usart.o(i.USART_SetAutoRetryCount), (20 bytes).
    Removing stm32f0xx_usart.o(i.USART_SetBlockLength), (18 bytes).
    Removing stm32f0xx_usart.o(i.USART_SetDEAssertionTime), (20 bytes).
    Removing stm32f0xx_usart.o(i.USART_SetDEDeassertionTime), (20 bytes).
    Removing stm32f0xx_usart.o(i.USART_SetGuardTime), (16 bytes).
    Removing stm32f0xx_usart.o(i.USART_SetPrescaler), (18 bytes).
    Removing stm32f0xx_usart.o(i.USART_SetReceiverTimeOut), (16 bytes).
    Removing stm32f0xx_usart.o(i.USART_SmartCardCmd), (24 bytes).
    Removing stm32f0xx_usart.o(i.USART_SmartCardNACKCmd), (24 bytes).
    Removing stm32f0xx_usart.o(i.USART_StopModeWakeUpSourceConfig), (18 bytes).
    Removing stm32f0xx_usart.o(i.USART_StructInit), (24 bytes).
    Removing stm32f0xx_wwdg.o(.rev16_text), (4 bytes).
    Removing stm32f0xx_wwdg.o(.revsh_text), (4 bytes).
    Removing stm32f0xx_wwdg.o(i.WWDG_ClearFlag), (12 bytes).
    Removing stm32f0xx_wwdg.o(i.WWDG_DeInit), (22 bytes).
    Removing stm32f0xx_wwdg.o(i.WWDG_Enable), (16 bytes).
    Removing stm32f0xx_wwdg.o(i.WWDG_EnableIT), (20 bytes).
    Removing stm32f0xx_wwdg.o(i.WWDG_GetFlagStatus), (24 bytes).
    Removing stm32f0xx_wwdg.o(i.WWDG_SetCounter), (16 bytes).
    Removing stm32f0xx_wwdg.o(i.WWDG_SetPrescaler), (32 bytes).
    Removing stm32f0xx_wwdg.o(i.WWDG_SetWindowValue), (40 bytes).
    Removing startup_stm32f072.o(HEAP), (512 bytes).
    Removing system_stm32f0xx.o(.rev16_text), (4 bytes).
    Removing system_stm32f0xx.o(.revsh_text), (4 bytes).
    Removing system_stm32f0xx.o(i.SystemCoreClockUpdate), (176 bytes).
    Removing tftfont_6x8.o(.constdata), (912 bytes).
    Removing dfixul.o(.text), (64 bytes).
    Removing led.o(i.__ARM_common_switch8), (28 bytes).

619 unused section(s) (total 28214 bytes) removed from the image.
